Component: ARM Compiler 5.06 update 4 (build 422) Tool: armlink [4d35d2]

==============================================================================

Section Cross References

    startup_stm32f401xc.o(STACK) refers (Special) to heapauxi.o(.text) for __use_two_region_memory
    startup_stm32f401xc.o(HEAP) refers (Special) to heapauxi.o(.text) for __use_two_region_memory
    startup_stm32f401xc.o(RESET) refers (Special) to heapauxi.o(.text) for __use_two_region_memory
    startup_stm32f401xc.o(RESET) refers to startup_stm32f401xc.o(STACK) for __initial_sp
    startup_stm32f401xc.o(RESET) refers to startup_stm32f401xc.o(.text) for Reset_Handler
    startup_stm32f401xc.o(RESET) refers to stm32f4xx_it.o(i.NMI_Handler) for NMI_Handler
    startup_stm32f401xc.o(RESET) refers to stm32f4xx_it.o(i.HardFault_Handler) for HardFault_Handler
    startup_stm32f401xc.o(RESET) refers to stm32f4xx_it.o(i.MemManage_Handler) for MemManage_Handler
    startup_stm32f401xc.o(RESET) refers to stm32f4xx_it.o(i.BusFault_Handler) for BusFault_Handler
    startup_stm32f401xc.o(RESET) refers to stm32f4xx_it.o(i.UsageFault_Handler) for UsageFault_Handler
    startup_stm32f401xc.o(RESET) refers to stm32f4xx_it.o(i.SVC_Handler) for SVC_Handler
    startup_stm32f401xc.o(RESET) refers to stm32f4xx_it.o(i.DebugMon_Handler) for DebugMon_Handler
    startup_stm32f401xc.o(RESET) refers to stm32f4xx_it.o(i.PendSV_Handler) for PendSV_Handler
    startup_stm32f401xc.o(RESET) refers to stm32f4xx_it.o(i.SysTick_Handler) for SysTick_Handler
    startup_stm32f401xc.o(.text) refers (Special) to heapauxi.o(.text) for __use_two_region_memory
    startup_stm32f401xc.o(.text) refers to system_stm32f4xx_1.o(i.SystemInit) for SystemInit
    startup_stm32f401xc.o(.text) refers to __main.o(!!!main) for __main
    startup_stm32f401xc.o(.text) refers to startup_stm32f401xc.o(HEAP) for Heap_Mem
    startup_stm32f401xc.o(.text) refers to startup_stm32f401xc.o(STACK) for Stack_Mem
    main.o(i.SystemClock_Config) refers to rt_memclr_w.o(.text) for __aeabi_memclr4
    main.o(i.SystemClock_Config) refers to stm32f4xx_hal_rcc.o(i.HAL_RCC_OscConfig) for HAL_RCC_OscConfig
    main.o(i.SystemClock_Config) refers to main.o(i.Error_Handler) for Error_Handler
    main.o(i.SystemClock_Config) refers to stm32f4xx_hal_rcc.o(i.HAL_RCC_ClockConfig) for HAL_RCC_ClockConfig
    main.o(i.delay_ms) refers to stm32f4xx_hal.o(i.HAL_Delay) for HAL_Delay
    main.o(i.fputc) refers to stm32f4xx_hal_uart.o(i.HAL_UART_Transmit) for HAL_UART_Transmit
    main.o(i.fputc) refers to oled.o(i.OLED_Printf) for OLED_Printf
    main.o(i.fputc) refers to usart.o(.bss) for huart1
    main.o(i.fputc) refers to main.o(.data) for buffer_index
    main.o(i.fputc) refers to main.o(.bss) for line_buffer
    main.o(i.main) refers to _printf_percent.o(.ARM.Collect$$_printf_percent$$00000000) for _printf_percent
    main.o(i.main) refers to _printf_f.o(.ARM.Collect$$_printf_percent$$00000003) for _printf_f
    main.o(i.main) refers to printf1.o(x$fpl$printf1) for _printf_fp_dec
    main.o(i.main) refers to stm32f4xx_hal.o(i.HAL_Init) for HAL_Init
    main.o(i.main) refers to main.o(i.SystemClock_Config) for SystemClock_Config
    main.o(i.main) refers to gpio.o(i.MX_GPIO_Init) for MX_GPIO_Init
    main.o(i.main) refers to i2c.o(i.MX_I2C1_Init) for MX_I2C1_Init
    main.o(i.main) refers to i2c.o(i.MX_I2C2_Init) for MX_I2C2_Init
    main.o(i.main) refers to tim.o(i.MX_TIM1_Init) for MX_TIM1_Init
    main.o(i.main) refers to tim.o(i.MX_TIM2_Init) for MX_TIM2_Init
    main.o(i.main) refers to usart.o(i.MX_USART1_UART_Init) for MX_USART1_UART_Init
    main.o(i.main) refers to stm32f4xx_hal.o(i.HAL_GetTick) for HAL_GetTick
    main.o(i.main) refers to rand.o(.text) for srand
    main.o(i.main) refers to oled.o(i.OLED_Init) for OLED_Init
    main.o(i.main) refers to stm32f4xx_hal.o(i.HAL_Delay) for HAL_Delay
    main.o(i.main) refers to oled.o(i.OLED_Clear) for OLED_Clear
    main.o(i.main) refers to __2printf.o(.text) for __2printf
    main.o(i.main) refers to attitude_control.o(i.dart_system_init) for dart_system_init
    main.o(i.main) refers to dart_control.o(i.simulate_gyro) for simulate_gyro
    main.o(i.main) refers to dart_control.o(i.simulate_target) for simulate_target
    main.o(i.main) refers to attitude_control.o(i.update_attitude_control) for update_attitude_control
    main.o(i.main) refers to f2d.o(x$fpl$f2d) for __aeabi_f2d
    main.o(i.main) refers to main.o(i.delay_ms) for delay_ms
    main.o(i.main) refers to main.o(.bss) for attitude
    main.o(i.main) refers to main.o(.data) for control
    i2c.o(i.HAL_I2C_MspDeInit) refers to stm32f4xx_hal_gpio.o(i.HAL_GPIO_DeInit) for HAL_GPIO_DeInit
    i2c.o(i.HAL_I2C_MspInit) refers to rt_memclr_w.o(.text) for __aeabi_memclr4
    i2c.o(i.HAL_I2C_MspInit) refers to stm32f4xx_hal_gpio.o(i.HAL_GPIO_Init) for HAL_GPIO_Init
[...]
    .bss                                     0x20000690   Section       84  stdio_streams.o(.bss)
    .bss                                     0x200006e4   Section       96  libspace.o(.bss)
    HEAP                                     0x20000748   Section      512  startup_stm32f401xc.o(HEAP)
    Heap_Mem                                 0x20000748   Data         512  startup_stm32f401xc.o(HEAP)
    STACK                                    0x20000948   Section     1024  startup_stm32f401xc.o(STACK)
    Stack_Mem                                0x20000948   Data        1024  startup_stm32f401xc.o(STACK)
    __initial_sp                             0x20000d48   Data           0  startup_stm32f401xc.o(STACK)

    Global Symbols

    Symbol Name                              Value     Ov Type        Size  Object(Section)

    BuildAttributes$$THM_ISAv4$E$P$D$K$B$S$7EM$VFPi3$EXTD16$VFPS$VFMA$PE$A:L22UL41UL21$X:L11$S22US41US21$IEEE1$IW$USESV6$~STKCKD$USESV7$~SHL$OTIME$ROPI$IEEEX$EBA8$UX$STANDARDLIB$REQ8$PRES8$EABIv2 0x00000000   Number         0  anon$$obj.o ABSOLUTE
    __ARM_use_no_argv                        0x00000000   Number         0  main.o ABSOLUTE
    _printf_flags                            0x00000000   Number         0  printf_stubs.o ABSOLUTE
    _printf_return_value                     0x00000000   Number         0  printf_stubs.o ABSOLUTE
    _printf_sizespec                         0x00000000   Number         0  printf_stubs.o ABSOLUTE
    _printf_widthprec                        0x00000000   Number         0  printf_stubs.o ABSOLUTE
    __ARM_exceptions_init                     - Undefined Weak Reference
    __alloca_initialize                       - Undefined Weak Reference
    __arm_preinit_                            - Undefined Weak Reference
    __cpp_initialize__aeabi_                  - Undefined Weak Reference
    __cxa_finalize                            - Undefined Weak Reference
    __sigvec_lookup                           - Undefined Weak Reference
    __user_heap_extent                        - Undefined Weak Reference
    _atexit_init                              - Undefined Weak Reference
    _call_atexit_fns                          - Undefined Weak Reference
    _clock_init                               - Undefined Weak Reference
    _fp_trap_init                             - Undefined Weak Reference
    _fp_trap_shutdown                         - Undefined Weak Reference
    _get_lc_collate                           - Undefined Weak Reference
    _get_lc_monetary                          - Undefined Weak Reference
    _get_lc_time                              - Undefined Weak Reference
    _getenv_init                              - Undefined Weak Reference
    _handle_redirection                       - Undefined Weak Reference
    _mutex_acquire                            - Undefined Weak Reference
    _mutex_free                               - Undefined Weak Reference
    _mutex_release                            - Undefined Weak Reference
    _printf_mbtowc                            - Undefined Weak Reference
    _printf_wc                                - Undefined Weak Reference
    _signal_finish                            - Undefined Weak Reference
    _signal_init                              - Undefined Weak Reference
    __Vectors_Size                           0x00000194   Number         0  startup_stm32f401xc.o ABSOLUTE
    __Vectors                                0x08000000   Data           4  startup_stm32f401xc.o(RESET)
    __Vectors_End                            0x08000194   Data           0  startup_stm32f401xc.o(RESET)
    __main                                   0x08000195   Thumb Code     8  __main.o(!!!main)
    __scatterload                            0x0800019d   Thumb Code     0  __scatter.o(!!!scatter)
    __scatterload_rt2                        0x0800019d   Thumb Code    44  __scatter.o(!!!scatter)
    __scatterload_rt2_thumb_only             0x0800019d   Thumb Code     0  __scatter.o(!!!scatter)
    __scatterload_null                       0x080001ab   Thumb Code     0  __scatter.o(!!!scatter)
    __scatterload_copy                       0x080001d1   Thumb Code    26  __scatter_copy.o(!!handler_copy)
    __scatterload_zeroinit                   0x080001ed   Thumb Code    28  __scatter_zi.o(!!handler_zi)
    _printf_n                                0x08000209   Thumb Code     0  _printf_n.o(.ARM.Collect$$_printf_percent$$00000001)
    _printf_percent                          0x08000209   Thumb Code     0  _printf_percent.o(.ARM.Collect$$_printf_percent$$00000000)
    _printf_p                                0x0800020f   Thumb Code     0  _printf_p.o(.ARM.Collect$$_printf_percent$$00000002)
    _printf_f                                0x08000215   Thumb Code     0  _printf_f.o(.ARM.Collect$$_printf_percent$$00000003)
    _printf_e                                0x0800021b   Thumb Code     0  _printf_e.o(.ARM.Collect$$_printf_percent$$00000004)
    _printf_g                                0x08000221   Thumb Code     0  _printf_g.o(.ARM.Collect$$_printf_percent$$00000005)
    _printf_a                                0x08000227   Thumb Code     0  _printf_a.o(.ARM.Collect$$_printf_percent$$00000006)
    _printf_ll                               0x0800022d   Thumb Code     0  _printf_ll.o(.ARM.Collect$$_printf_percent$$00000007)
    _printf_i                                0x08000237   Thumb Code     0  _printf_i.o(.ARM.Collect$$_printf_percent$$00000008)
    _printf_d                                0x0800023d   Thumb Code     0  _printf_d.o(.ARM.Collect$$_printf_percent$$00000009)
    _printf_u                                0x08000243   Thumb Code     0  _printf_u.o(.ARM.Collect$$_printf_percent$$0000000A)
    _printf_o                                0x08000249   Thumb Code     0  _printf_o.o(.ARM.Collect$$_printf_percent$$0000000B)
    _printf_x                                0x0800024f   Thumb Code     0  _printf_x.o(.ARM.Collect$$_printf_percent$$0000000C)
    _printf_lli                              0x08000255   Thumb Code     0  _printf_lli.o(.ARM.Collect$$_printf_percent$$0000000D)
    _printf_lld                              0x0800025b   Thumb Code     0  _printf_lld.o(.ARM.Collect$$_printf_percent$$0000000E)
    _printf_llu                              0x08000261   Thumb Code     0  _printf_llu.o(.ARM.Collect$$_printf_percent$$0000000F)
    _printf_llo                              0x08000267   Thumb Code     0  _printf_llo.o(.ARM.Collect$$_printf_percent$$00000010)
    _printf_llx                              0x0800026d   Thumb Code     0  _printf_llx.o(.ARM.Collect$$_printf_percent$$00000011)
    _printf_l                                0x08000273   Thumb Code     0  _printf_l.o(.ARM.Collect$$_printf_percent$$00000012)
    _printf_c                                0x0800027d   Thumb Code     0  _printf_c.o(.ARM.Collect$$_printf_percent$$00000013)
    _printf_s                                0x08000283   Thumb Code     0  _printf_s.o(.ARM.Collect$$_printf_percent$$00000014)
    _printf_lc                               0x08000289   Thumb Code     0  _printf_lc.o(.ARM.Collect$$_printf_percent$$00000015)
    _printf_ls                               0x0800028f   Thumb Code     0  _printf_ls.o(.ARM.Collect$$_printf_percent$$00000016)
    _printf_percent_end                      0x08000295   Thumb Code     0  _printf_percent_end.o(.ARM.Collect$$_printf_percent$$00000017)
    __rt_lib_init                            0x08000299   Thumb Code     0  libinit.o(.ARM.Collect$$libinit$$00000000)
    __rt_lib_init_fp_1                       0x0800029b   Thumb Code     0  libinit2.o(.ARM.Collect$$libinit$$00000001)
    __rt_lib_init_heap_2                     0x0800029f   Thumb Code     0  libinit2.o(.ARM.Collect$$libinit$$00000005)
    __rt_lib_init_preinit_1                  0x0800029f   Thumb Code     0  libinit2.o(.ARM.Collect$$libinit$$00000004)
    __rt_lib_init_heap_1                     0x080002a7   Thumb Code     0  libinit2.o(.ARM.Collect$$libinit$$0000000A)
    __rt_lib_init_rand_2                     0x080002a7   Thumb Code     0  libinit2.o(.ARM.Collect$$libinit$$0000000D)
    __rt_lib_init_user_alloc_1               0x080002a7   Thumb Code     0  libinit2.o(.ARM.Collect$$libinit$$0000000C)
    __rt_lib_init_lc_common                  0x080002ab   Thumb Code     0  libinit2.o(.ARM.Collect$$libinit$$0000000F)
    __rt_lib_init_rand_1                     0x080002ab   Thumb Code     0  libinit2.o(.ARM.Collect$$libinit$$0000000E)
    __rt_lib_init_lc_collate_1               0x080002b1   Thumb Code     0  libinit2.o(.ARM.Collect$$libinit$$00000011)
    __rt_lib_init_lc_ctype_2                 0x080002b1   Thumb Code     0  libinit2.o(.ARM.Collect$$libinit$$00000012)
    __rt_lib_init_lc_ctype_1                 0x080002bd   Thumb Code     0  libinit2.o(.ARM.Collect$$libinit$$00000013)
    __rt_lib_init_lc_monetary_1              0x080002bd   Thumb Code     0  libinit2.o(.ARM.Collect$$libinit$$00000015)
    __rt_lib_init_lc_numeric_2               0x080002bd   Thumb Code     0  libinit2.o(.ARM.Collect$$libinit$$00000016)
    __rt_lib_init_atexit_1                   0x080002c7   Thumb Code     0  libinit2.o(.ARM.Collect$$libinit$$0000001B)
    __rt_lib_init_clock_1                    0x080002c7   Thumb Code     0  libinit2.o(.ARM.Collect$$libinit$$00000021)
    __rt_lib_init_fp_trap_1                  0x080002c7   Thumb Code     0  libinit2.o(.ARM.Collect$$libinit$$0000001F)
    __rt_lib_init_getenv_1                   0x080002c7   Thumb Code     0  libinit2.o(.ARM.Collect$$libinit$$00000023)
    __rt_lib_init_lc_numeric_1               0x080002c7   Thumb Code     0  libinit2.o(.ARM.Collect$$libinit$$00000017)
    __rt_lib_init_lc_time_1                  0x080002c7   Thumb Code     0  libinit2.o(.ARM.Collect$$libinit$$00000019)
    __rt_lib_init_signal_1                   0x080002c7   Thumb Code     0  libinit2.o(.ARM.Collect$$libinit$$0000001D)
    __rt_lib_init_stdio_2                    0x080002c7   Thumb Code     0  libinit2.o(.ARM.Collect$$libinit$$00000024)
    __rt_lib_init_alloca_1                   0x080002cb   Thumb Code     0  libinit2.o(.ARM.Collect$$libinit$$0000002E)
    __rt_lib_init_argv_1                     0x080002cb   Thumb Code     0  libinit2.o(.ARM.Collect$$libinit$$0000002C)
    __rt_lib_init_cpp_1                      0x080002cb   Thumb Code     0  libinit2.o(.ARM.Collect$$libinit$$00000032)
    __rt_lib_init_exceptions_1               0x080002cb   Thumb Code     0  libinit2.o(.ARM.Collect$$libinit$$00000030)
    __rt_lib_init_return                     0x080002cb   Thumb Code     0  libinit2.o(.ARM.Collect$$libinit$$00000033)
    __rt_lib_init_stdio_1                    0x080002cb   Thumb Code     0  libinit2.o(.ARM.Collect$$libinit$$00000025)
    __rt_lib_shutdown                        0x080002cd   Thumb Code     0  libshutdown.o(.ARM.Collect$$libshutdown$$00000000)
    __rt_lib_shutdown_cpp_1                  0x080002cf   Thumb Code     0  libshutdown2.o(.ARM.Collect$$libshutdown$$00000002)
    __rt_lib_shutdown_stdio_2                0x080002cf   Thumb Code     0  libshutdown2.o(.ARM.Collect$$libshutdown$$00000003)
    __rt_lib_shutdown_fp_trap_1              0x080002d3   Thumb Code     0  libshutdown2.o(.ARM.Collect$$libshutdown$$00000007)
    __rt_lib_shutdown_heap_1                 0x080002d3   Thumb Code     0  libshutdown2.o(.ARM.Collect$$libshutdown$$0000000F)
    __rt_lib_shutdown_return                 0x080002d3   Thumb Code     0  libshutdown2.o(.ARM.Collect$$libshutdown$$00000010)
    __rt_lib_shutdown_signal_1               0x080002d3   Thumb Code     0  libshutdown2.o(.ARM.Collect$$libshutdown$$0000000A)
    __rt_lib_shutdown_stdio_1                0x080002d3   Thumb Code     0  libshutdown2.o(.ARM.Collect$$libshutdown$$00000004)
    __rt_lib_shutdown_user_alloc_1           0x080002d3   Thumb Code     0  libshutdown2.o(.ARM.Collect$$libshutdown$$0000000C)
    __rt_entry                               0x080002d5   Thumb Code     0  __rtentry.o(.ARM.Collect$$rtentry$$00000000)
    __rt_entry_presh_1                       0x080002d5   Thumb Code     0  __rtentry2.o(.ARM.Collect$$rtentry$$00000002)
    __rt_entry_sh                            0x080002d5   Thumb Code     0  __rtentry4.o(.ARM.Collect$$rtentry$$00000004)
    __rt_entry_li                            0x080002db   Thumb Code     0  __rtentry2.o(.ARM.Collect$$rtentry$$0000000A)
    __rt_entry_postsh_1                      0x080002db   Thumb Code     0  __rtentry2.o(.ARM.Collect$$rtentry$$00000009)
    __rt_entry_main                          0x080002df   Thumb Code     0  __rtentry2.o(.ARM.Collect$$rtentry$$0000000D)
    __rt_entry_postli_1                      0x080002df   Thumb Code     0  __rtentry2.o(.ARM.Collect$$rtentry$$0000000C)
    __rt_exit                                0x080002e7   Thumb Code     0  rtexit.o(.ARM.Collect$$rtexit$$00000000)
    __rt_exit_ls                             0x080002e9   Thumb Code     0  rtexit2.o(.ARM.Collect$$rtexit$$00000003)
    __rt_exit_prels_1                        0x080002e9   Thumb Code     0  rtexit2.o(.ARM.Collect$$rtexit$$00000002)
    __rt_exit_exit                           0x080002ed   Thumb Code     0  rtexit2.o(.ARM.Collect$$rtexit$$00000004)
    rand                                     0x080002f5   Thumb Code    48  rand.o(.emb_text)
    Reset_Handler                            0x08000329   Thumb Code     8  startup_stm32f401xc.o(.text)
    _maybe_terminate_alloc                   0x08000329   Thumb Code     0  maybetermalloc1.o(.emb_text)
    ADC_IRQHandler                           0x08000343   Thumb Code     0  startup_stm32f401xc.o(.text)
    DMA1_Stream0_IRQHandler                  0x08000343   Thumb Code     0  startup_stm32f401xc.o(.text)
    DMA1_Stream1_IRQHandler                  0x08000343   Thumb Code     0  startup_stm32f401xc.o(.text)
    DMA1_Stream2_IRQHandler                  0x08000343   Thumb Code     0  startup_stm32f401xc.o(.text)
    DMA1_Stream3_IRQHandler                  0x08000343   Thumb Code     0  startup_stm32f401xc.o(.text)
    DMA1_Stream4_IRQHandler                  0x08000343   Thumb Code     0  startup_stm32f401xc.o(.text)
    DMA1_Stream5_IRQHandler                  0x08000343   Thumb Code     0  startup_stm32f401xc.o(.text)
    DMA1_Stream6_IRQHandler                  0x08000343   Thumb Code     0  startup_stm32f401xc.o(.text)
    DMA1_Stream7_IRQHandler                  0x08000343   Thumb Code     0  startup_stm32f401xc.o(.text)
    DMA2_Stream0_IRQHandler                  0x08000343   Thumb Code     0  startup_stm32f401xc.o(.text)
    DMA2_Stream1_IRQHandler                  0x08000343   Thumb Code     0  startup_stm32f401xc.o(.text)
    DMA2_Stream2_IRQHandler                  0x08000343   Thumb Code     0  startup_stm32f401xc.o(.text)
    DMA2_Stream3_IRQHandler                  0x08000343   Thumb Code     0  startup_stm32f401xc.o(.text)
    DMA2_Stream4_IRQHandler                  0x08000343   Thumb Code     0  startup_stm32f401xc.o(.text)
    DMA2_Stream5_IRQHandler                  0x08000343   Thumb Code     0  startup_stm32f401xc.o(.text)
    DMA2_Stream6_IRQHandler                  0x08000343   Thumb Code     0  startup_stm32f401xc.o(.text)
    DMA2_Stream7_IRQHandler                  0x08000343   Thumb Code     0  startup_stm32f401xc.o(.text)
    EXTI0_IRQHandler                         0x08000343   Thumb Code     0  startup_stm32f401xc.o(.text)
    EXTI15_10_IRQHandler                     0x08000343   Thumb Code     0  startup_stm32f401xc.o(.text)
    EXTI1_IRQHandler                         0x08000343   Thumb Code     0  startup_stm32f401xc.o(.text)
    EXTI2_IRQHandler                         0x08000343   Thumb Code     0  startup_stm32f401xc.o(.text)
    EXTI3_IRQHandler                         0x08000343   Thumb Code     0  startup_stm32f401xc.o(.text)
    EXTI4_IRQHandler                         0x08000343   Thumb Code     0  startup_stm32f401xc.o(.text)
    EXTI9_5_IRQHandler                       0x08000343   Thumb Code     0  startup_stm32f401xc.o(.text)
    FLASH_IRQHandler                         0x08000343   Thumb Code     0  startup_stm32f401xc.o(.text)
    FPU_IRQHandler                           0x08000343   Thumb Code     0  startup_stm32f401xc.o(.text)
    I2C1_ER_IRQHandler                       0x08000343   Thumb Code     0  startup_stm32f401xc.o(.text)
    I2C1_EV_IRQHandler                       0x08000343   Thumb Code     0  startup_stm32f401xc.o(.text)
    I2C2_ER_IRQHandler                       0x08000343   Thumb Code     0  startup_stm32f401xc.o(.text)
    I2C2_EV_IRQHandler                       0x08000343   Thumb Code     0  startup_stm32f401xc.o(.text)
    I2C3_ER_IRQHandler                       0x08000343   Thumb Code     0  startup_stm32f401xc.o(.text)
    I2C3_EV_IRQHandler                       0x08000343   Thumb Code     0  startup_stm32f401xc.o(.text)
    OTG_FS_IRQHandler                        0x08000343   Thumb Code     0  startup_stm32f401xc.o(.text)
    OTG_FS_WKUP_IRQHandler                   0x08000343   Thumb Code     0  startup_stm32f401xc.o(.text)
    PVD_IRQHandler                           0x08000343   Thumb Code     0  startup_stm32f401xc.o(.text)
    RCC_IRQHandler                           0x08000343   Thumb Code     0  startup_stm32f401xc.o(.text)
    RTC_Alarm_IRQHandler                     0x08000343   Thumb Code     0  startup_stm32f401xc.o(.text)
    RTC_WKUP_IRQHandler                      0x08000343   Thumb Code     0  startup_stm32f401xc.o(.text)
    SDIO_IRQHandler                          0x08000343   Thumb Code     0  startup_stm32f401xc.o(.text)
    SPI1_IRQHandler                          0x08000343   Thumb Code     0  startup_stm32f401xc.o(.text)
    SPI2_IRQHandler                          0x08000343   Thumb Code     0  startup_stm32f401xc.o(.text)
    SPI3_IRQHandler                          0x08000343   Thumb Code     0  startup_stm32f401xc.o(.text)
    SPI4_IRQHandler                          0x08000343   Thumb Code     0  startup_stm32f401xc.o(.text)
    TAMP_STAMP_IRQHandler                    0x08000343   Thumb Code     0  startup_stm32f401xc.o(.text)
    TIM1_BRK_TIM9_IRQHandler                 0x08000343   Thumb Code     0  startup_stm32f401xc.o(.text)
    TIM1_CC_IRQHandler                       0x08000343   Thumb Code     0  startup_stm32f401xc.o(.text)
    TIM1_TRG_COM_TIM11_IRQHandler            0x08000343   Thumb Code     0  startup_stm32f401xc.o(.text)
    TIM1_UP_TIM10_IRQHandler                 0x08000343   Thumb Code     0  startup_stm32f401xc.o(.text)
    TIM2_IRQHandler                          0x08000343   Thumb Code     0  startup_stm32f401xc.o(.text)
    TIM3_IRQHandler                          0x08000343   Thumb Code     0  startup_stm32f401xc.o(.text)
    TIM4_IRQHandler                          0x08000343   Thumb Code     0  startup_stm32f401xc.o(.text)
    TIM5_IRQHandler                          0x08000343   Thumb Code     0  startup_stm32f401xc.o(.text)
    USART1_IRQHandler                        0x08000343   Thumb Code     0  startup_stm32f401xc.o(.text)
    USART2_IRQHandler                        0x08000343   Thumb Code     0  startup_stm32f401xc.o(.text)
    USART6_IRQHandler                        0x08000343   Thumb Code     0  startup_stm32f401xc.o(.text)
    WWDG_IRQHandler                          0x08000343   Thumb Code     0  startup_stm32f401xc.o(.text)
    __user_initial_stackheap                 0x08000345   Thumb Code     0  startup_stm32f401xc.o(.text)
    __aeabi_uldivmod                         0x08000369   Thumb Code     0  lludivv7m.o(.text)
    _ll_udiv                                 0x08000369   Thumb Code   238  lludivv7m.o(.text)
    vsnprintf                                0x08000459   Thumb Code    48  vsnprintf.o(.text)
    __2printf                                0x0800048d   Thumb Code    20  __2printf.o(.text)
    __printf                                 0x080004a5   Thumb Code   388  __printf_flags_ss_wp.o(.text)
    srand                                    0x0800062d   Thumb Code    42  rand.o(.text)
    _rand_init                               0x08000657   Thumb Code     4  rand.o(.text)
    __aeabi_memcpy                           0x08000669   Thumb Code     0  rt_memcpy_v6.o(.text)
    __rt_memcpy                              0x08000669   Thumb Code   138  rt_memcpy_v6.o(.text)
    _memcpy_lastbytes                        0x080006cf   Thumb Code     0  rt_memcpy_v6.o(.text)
    __aeabi_memcpy4                          0x080006f3   Thumb Code     0  rt_memcpy_w.o(.text)
    __aeabi_memcpy8                          0x080006f3   Thumb Code     0  rt_memcpy_w.o(.text)
    __rt_memcpy_w                            0x080006f3   Thumb Code   100  rt_memcpy_w.o(.text)
    _memcpy_lastbytes_aligned                0x0800073b   Thumb Code     0  rt_memcpy_w.o(.text)
    __aeabi_memset                           0x08000757   Thumb Code    16  aeabi_memset.o(.text)
    __aeabi_memclr4                          0x08000767   Thumb Code     0  rt_memclr_w.o(.text)
    __aeabi_memclr8                          0x08000767   Thumb Code     0  rt_memclr_w.o(.text)
    __rt_memclr_w                            0x08000767   Thumb Code    78  rt_memclr_w.o(.text)
    _memset_w                                0x0800076b   Thumb Code     0  rt_memclr_w.o(.text)
    __use_two_region_memory                  0x080007b5   Thumb Code     2  heapauxi.o(.text)
    __rt_heap_escrow                         0x080007b7   Thumb Code     2  heapauxi.o(.text)
    __rt_heap_expand                         0x080007b9   Thumb Code     2  heapauxi.o(.text)
    __read_errno                             0x080007bb   Thumb Code    10  _rserrno.o(.text)
    __set_errno                              0x080007c5   Thumb Code    12  _rserrno.o(.text)
    _printf_pre_padding                      0x080007d1   Thumb Code    44  _printf_pad.o(.text)
    _printf_post_padding                     0x080007fd   Thumb Code    34  _printf_pad.o(.text)
    _printf_truncate_signed                  0x0800081f   Thumb Code    18  _printf_truncate.o(.text)
    _printf_truncate_unsigned                0x08000831   Thumb Code    18  _printf_truncate.o(.text)
    _printf_str                              0x08000843   Thumb Code    82  _printf_str.o(.text)
    _printf_int_dec                          0x08000895   Thumb Code   104  _printf_dec.o(.text)
    _printf_charcount                        0x0800090d   Thumb Code    40  _printf_charcount.o(.text)
    __lib_sel_fp_printf                      0x08000935   Thumb Code     2  _printf_fp_dec.o(.text)
    _printf_fp_dec_real                      0x08000ae3   Thumb Code   620  _printf_fp_dec.o(.text)
    _printf_char_common                      0x08000d5b   Thumb Code    32  _printf_char_common.o(.text)
    _sputc                                   0x08000d81   Thumb Code    10  _sputc.o(.text)
    _snputc                                  0x08000d8b   Thumb Code    16  _snputc.o(.text)
    _printf_char_file                        0x08000d9d   Thumb Code    32  _printf_char_file.o(.text)
    _printf_wctomb                           0x08000dc1   Thumb Code   182  _printf_wctomb.o(.text)
    _printf_longlong_dec                     0x08000e7d   Thumb Code   108  _printf_longlong_dec.o(.text)
    _printf_longlong_oct                     0x08000ef9   Thumb Code    66  _printf_oct_int_ll.o(.text)
    _printf_int_oct                          0x08000f3b   Thumb Code    24  _printf_oct_int_ll.o(.text)
    _printf_ll_oct                           0x08000f53   Thumb Code    12  _printf_oct_int_ll.o(.text)
    _printf_longlong_hex                     0x08000f69   Thumb Code    86  _printf_hex_int_ll_ptr.o(.text)
    _printf_int_hex                          0x08000fbf   Thumb Code    28  _printf_hex_int_ll_ptr.o(.text)
    _printf_ll_hex                           0x08000fdb   Thumb Code    12  _printf_hex_int_ll_ptr.o(.text)
    _printf_hex_ptr                          0x08000fe7   Thumb Code    18  _printf_hex_int_ll_ptr.o(.text)
    __aeabi_memclr                           0x08000ffd   Thumb Code     0  rt_memclr.o(.text)
    __rt_memclr                              0x08000ffd   Thumb Code    68  rt_memclr.o(.text)
    _memset                                  0x08001001   Thumb Code     0  rt_memclr.o(.text)
    __rt_locale                              0x08001041   Thumb Code     8  rt_locale_intlibspace.o(.text)
    __aeabi_errno_addr                       0x08001049   Thumb Code     8  rt_errno_addr_intlibspace.o(.text)
    __errno$intlibspace                      0x08001049   Thumb Code     0  rt_errno_addr_intlibspace.o(.text)
    __rt_errno_addr$intlibspace              0x08001049   Thumb Code     0  rt_errno_addr_intlibspace.o(.text)
    _ll_udiv10                               0x08001051   Thumb Code   138  lludiv10.o(.text)
    _printf_int_common                       0x080010db   Thumb Code   178  _printf_intcommon.o(.text)
    _printf_fp_hex_real                      0x0800118d   Thumb Code   756  _printf_fp_hex.o(.text)
    _printf_fp_infnan                        0x08001489   Thumb Code   112  _printf_fp_infnan.o(.text)
    _printf_cs_common                        0x08001509   Thumb Code    20  _printf_char.o(.text)
    _printf_char                             0x0800151d   Thumb Code    16  _printf_char.o(.text)
    _printf_string                           0x0800152d   Thumb Code     8  _printf_char.o(.text)
    _printf_lcs_common                       0x08001535   Thumb Code    20  _printf_wchar.o(.text)
    _printf_wchar                            0x08001549   Thumb Code    16  _printf_wchar.o(.text)
    _printf_wstring                          0x08001559   Thumb Code     8  _printf_wchar.o(.text)
    _btod_etento                             0x08001561   Thumb Code   216  bigflt0.o(.text)
    ferror                                   0x0800163d   Thumb Code     8  ferror.o(.text)
    _initio                                  0x08001645   Thumb Code   210  initio.o(.text)
    _terminateio                             0x08001717   Thumb Code    56  initio.o(.text)
    _wcrtomb                                 0x0800177d   Thumb Code    64  _wcrtomb.o(.text)
    _sys_open                                0x080017bd   Thumb Code    20  sys_io.o(.text)
    _sys_close                               0x080017d1   Thumb Code    12  sys_io.o(.text)
    _sys_write                               0x080017dd   Thumb Code    16  sys_io.o(.text)
    _sys_read                                0x080017ed   Thumb Code    14  sys_io.o(.text)
    _sys_istty                               0x080017fb   Thumb Code    12  sys_io.o(.text)
    _sys_seek                                0x08001807   Thumb Code    14  sys_io.o(.text)
    _sys_ensure                              0x08001815   Thumb Code     2  sys_io.o(.text)
    _sys_flen                                0x08001817   Thumb Code    12  sys_io.o(.text)
    __user_libspace                          0x08001825   Thumb Code     8  libspace.o(.text)
    __user_perproc_libspace                  0x08001825   Thumb Code     0  libspace.o(.text)
    __user_perthread_libspace                0x08001825   Thumb Code     0  libspace.o(.text)
    __user_setup_stackheap                   0x0800182d   Thumb Code    74  sys_stackheap_outer.o(.text)
    __rt_ctype_table                         0x08001879   Thumb Code    16  rt_ctype_table.o(.text)
    free                                     0x08001889   Thumb Code    78  h1_free.o(.text)
    setvbuf                                  0x080018d7   Thumb Code    70  setvbuf.o(.text)
    freopen                                  0x0800191d   Thumb Code   158  fopen.o(.text)
    fopen                                    0x080019bb   Thumb Code    74  fopen.o(.text)
    _fclose_internal                         0x08001a09   Thumb Code    76  fclose.o(.text)
    fclose                                   0x08001a09   Thumb Code     0  fclose.o(.text)
    exit                                     0x08001a55   Thumb Code    18  exit.o(.text)
    __rt_SIGRTRED                            0x08001a67   Thumb Code    14  defsig_rtred_outer.o(.text)
    strcmp                                   0x08001a75   Thumb Code   128  strcmpv7m.o(.text)
    __I$use$semihosting                      0x08001af5   Thumb Code     0  use_no_semi.o(.text)
    __use_no_semihosting_swi                 0x08001af5   Thumb Code     2  use_no_semi.o(.text)
    __semihosting_library_function           0x08001af7   Thumb Code     0  indicate_semi.o(.text)
    __rt_heap_descriptor                     0x08001af9   Thumb Code     8  rt_heap_descriptor_intlibspace.o(.text)
    __use_no_heap                            0x08001b01   Thumb Code     2  hguard.o(.text)
    __heap$guard                             0x08001b03   Thumb Code     2  hguard.o(.text)
    _terminate_user_alloc                    0x08001b05   Thumb Code     2  init_alloc.o(.text)
    _init_user_alloc                         0x08001b07   Thumb Code     2  init_alloc.o(.text)
    __Heap_Full                              0x08001b09   Thumb Code    34  init_alloc.o(.text)
    __Heap_Broken                            0x08001b2b   Thumb Code     6  init_alloc.o(.text)
    _init_alloc                              0x08001b31   Thumb Code    94  init_alloc.o(.text)
    malloc                                   0x08001b8f   Thumb Code    94  h1_alloc.o(.text)
    _fseek                                   0x08001bed   Thumb Code   242  fseek.o(.text)
    fseek                                    0x08001bed   Thumb Code     0  fseek.o(.text)
    _seterr                                  0x08001ce5   Thumb Code    20  stdio.o(.text)
    _writebuf                                0x08001cf9   Thumb Code    84  stdio.o(.text)
    _fflush                                  0x08001d4d   Thumb Code    70  stdio.o(.text)
    _deferredlazyseek                        0x08001d93   Thumb Code    60  stdio.o(.text)
    __sig_exit                               0x08001dd5   Thumb Code    10  defsig_exit.o(.text)
    __rt_SIGRTRED_inner                      0x08001de1   Thumb Code    14  defsig_rtred_inner.o(.text)
    __rt_SIGRTMEM                            0x08001e15   Thumb Code    14  defsig_rtmem_outer.o(.text)
    strlen                                   0x08001e23   Thumb Code    62  strlen.o(.text)
    _sys_exit                                0x08001e61   Thumb Code     8  sys_exit.o(.text)
    __Heap_Initialize                        0x08001e6d   Thumb Code    10  h1_init.o(.text)
    __Heap_DescSize                          0x08001e77   Thumb Code     4  h1_init.o(.text)
    __Heap_ProvideMemory                     0x08001e7b   Thumb Code    52  h1_extend.o(.text)
    _ftell_internal                          0x08001eaf   Thumb Code    66  ftell.o(.text)
    ftell                                    0x08001eaf   Thumb Code     0  ftell.o(.text)
    __default_signal_display                 0x08001ef1   Thumb Code    50  defsig_general.o(.text)
    __rt_SIGRTMEM_inner                      0x08001f25   Thumb Code    22  defsig_rtmem_inner.o(.text)
    _ttywrch                                 0x08001f75   Thumb Code    14  sys_wrch.o(.text)
    _btod_d2e                                0x08001f83   Thumb Code    62  btod.o(CL$$btod_d2e)
    _d2e_denorm_low                          0x08001fc1   Thumb Code    70  btod.o(CL$$btod_d2e_denorm_low)
    _d2e_norm_op1                            0x08002007   Thumb Code    96  btod.o(CL$$btod_d2e_norm_op1)
    __btod_div_common                        0x08002067   Thumb Code   696  btod.o(CL$$btod_div_common)
    _e2e                                     0x0800239f   Thumb Code   198  btod.o(CL$$btod_e2e)
    _btod_ediv                               0x08002465   Thumb Code    40  btod.o(CL$$btod_ediv)
    _btod_emul                               0x0800248d   Thumb Code    40  btod.o(CL$$btod_emul)
    __btod_mult_common                       0x080024b5   Thumb Code   580  btod.o(CL$$btod_mult_common)
    BusFault_Handler                         0x080026f9   Thumb Code     4  stm32f4xx_it.o(i.BusFault_Handler)
    DebugMon_Handler                         0x080026fd   Thumb Code     2  stm32f4xx_it.o(i.DebugMon_Handler)
    Error_Handler                            0x080026ff   Thumb Code     6  main.o(i.Error_Handler)
    HAL_Delay                                0x08002705   Thumb Code    36  stm32f4xx_hal.o(i.HAL_Delay)
    HAL_GPIO_Init                            0x0800272d   Thumb Code   424  stm32f4xx_hal_gpio.o(i.HAL_GPIO_Init)
    HAL_GPIO_TogglePin                       0x080028f5   Thumb Code    20  stm32f4xx_hal_gpio.o(i.HAL_GPIO_TogglePin)
    HAL_GetTick                              0x08002909   Thumb Code     6  stm32f4xx_hal.o(i.HAL_GetTick)
    HAL_I2C_Init                             0x08002915   Thumb Code   446  stm32f4xx_hal_i2c.o(i.HAL_I2C_Init)
    HAL_I2C_Master_Transmit                  0x08002ae5   Thumb Code   360  stm32f4xx_hal_i2c.o(i.HAL_I2C_Master_Transmit)
    HAL_I2C_Mem_Read                         0x08002c55   Thumb Code   744  stm32f4xx_hal_i2c.o(i.HAL_I2C_Mem_Read)
    HAL_I2C_Mem_Write                        0x08002f49   Thumb Code   348  stm32f4xx_hal_i2c.o(i.HAL_I2C_Mem_Write)
    HAL_I2C_MspInit                          0x080030ad   Thumb Code   256  i2c.o(i.HAL_I2C_MspInit)
    HAL_IncTick                              0x080031bd   Thumb Code    16  stm32f4xx_hal.o(i.HAL_IncTick)
    HAL_Init                                 0x080031d5   Thumb Code    54  stm32f4xx_hal.o(i.HAL_Init)
    HAL_InitTick                             0x08003211   Thumb Code    64  stm32f4xx_hal.o(i.HAL_InitTick)
    HAL_MspInit                              0x0800325d   Thumb Code    68  stm32f4xx_hal_msp.o(i.HAL_MspInit)
    HAL_NVIC_SetPriority                     0x080032a5   Thumb Code   124  stm32f4xx_hal_cortex.o(i.HAL_NVIC_SetPriority)
    HAL_NVIC_SetPriorityGrouping             0x08003321   Thumb Code    32  stm32f4xx_hal_cortex.o(i.HAL_NVIC_SetPriorityGrouping)
    HAL_RCC_ClockConfig                      0x08003349   Thumb Code   368  stm32f4xx_hal_rcc.o(i.HAL_RCC_ClockConfig)
    HAL_RCC_GetHCLKFreq                      0x080034cd   Thumb Code     6  stm32f4xx_hal_rcc.o(i.HAL_RCC_GetHCLKFreq)
    HAL_RCC_GetPCLK1Freq                     0x080034d9   Thumb Code    22  stm32f4xx_hal_rcc.o(i.HAL_RCC_GetPCLK1Freq)
    HAL_RCC_GetPCLK2Freq                     0x080034f9   Thumb Code    22  stm32f4xx_hal_rcc.o(i.HAL_RCC_GetPCLK2Freq)
    HAL_RCC_GetSysClockFreq                  0x08003519   Thumb Code   162  stm32f4xx_hal_rcc.o(i.HAL_RCC_GetSysClockFreq)
    HAL_RCC_OscConfig                        0x080035c9   Thumb Code  1172  stm32f4xx_hal_rcc.o(i.HAL_RCC_OscConfig)
    HAL_SYSTICK_Config                       0x08003a65   Thumb Code    52  stm32f4xx_hal_cortex.o(i.HAL_SYSTICK_Config)
    HAL_TIMEx_ConfigBreakDeadTime            0x08003a99   Thumb Code   116  stm32f4xx_hal_tim_ex.o(i.HAL_TIMEx_ConfigBreakDeadTime)
    HAL_TIMEx_MasterConfigSynchronization    0x08003b0d   Thumb Code   134  stm32f4xx_hal_tim_ex.o(i.HAL_TIMEx_MasterConfigSynchronization)
    HAL_TIM_Base_Init                        0x08003ba9   Thumb Code   102  stm32f4xx_hal_tim.o(i.HAL_TIM_Base_Init)
    HAL_TIM_Base_MspInit                     0x08003c11   Thumb Code    88  tim.o(i.HAL_TIM_Base_MspInit)
    HAL_TIM_ConfigClockSource                0x08003c71   Thumb Code   268  stm32f4xx_hal_tim.o(i.HAL_TIM_ConfigClockSource)
    HAL_TIM_MspPostInit                      0x08003d7d   Thumb Code   154  tim.o(i.HAL_TIM_MspPostInit)
    HAL_TIM_PWM_ConfigChannel                0x08003e25   Thumb Code   260  stm32f4xx_hal_tim.o(i.HAL_TIM_PWM_ConfigChannel)
    HAL_TIM_PWM_Init                         0x08003f29   Thumb Code   102  stm32f4xx_hal_tim.o(i.HAL_TIM_PWM_Init)
    HAL_TIM_PWM_MspInit                      0x08003f8f   Thumb Code     2  stm32f4xx_hal_tim.o(i.HAL_TIM_PWM_MspInit)
    HAL_UART_Init                            0x08003f91   Thumb Code   114  stm32f4xx_hal_uart.o(i.HAL_UART_Init)
    HAL_UART_MspInit                         0x08004005   Thumb Code   180  usart.o(i.HAL_UART_MspInit)
    HAL_UART_Transmit                        0x080040c9   Thumb Code   210  stm32f4xx_hal_uart.o(i.HAL_UART_Transmit)
    HardFault_Handler                        0x0800419b   Thumb Code     4  stm32f4xx_it.o(i.HardFault_Handler)
    Kalman_Init                              0x08004761   Thumb Code    74  kalman_filter.o(i.Kalman_Init)
    Kalman_Update                            0x080047bd   Thumb Code   284  kalman_filter.o(i.Kalman_Update)
    MPU6050_GetData                          0x080048d9   Thumb Code     4  mpu6050.o(i.MPU6050_GetData)
    MPU6050_Init                             0x080048e1   Thumb Code   432  mpu6050.o(i.MPU6050_Init)
    MPU6050_ReadSensor                       0x08004abd   Thumb Code   318  mpu6050.o(i.MPU6050_ReadSensor)
    MX_GPIO_Init                             0x08004c15   Thumb Code    96  gpio.o(i.MX_GPIO_Init)
    MX_I2C1_Init                             0x08004c79   Thumb Code    48  i2c.o(i.MX_I2C1_Init)
    MX_I2C2_Init                             0x08004cb5   Thumb Code    48  i2c.o(i.MX_I2C2_Init)
    MX_TIM1_Init                             0x08004cf1   Thumb Code   222  tim.o(i.MX_TIM1_Init)
    MX_TIM2_Init                             0x08004dd9   Thumb Code   170  tim.o(i.MX_TIM2_Init)
    MX_USART1_UART_Init                      0x08004e89   Thumb Code    46  usart.o(i.MX_USART1_UART_Init)
    MemManage_Handler                        0x08004ec1   Thumb Code     4  stm32f4xx_it.o(i.MemManage_Handler)
    NMI_Handler                              0x08004ec5   Thumb Code     4  stm32f4xx_it.o(i.NMI_Handler)
    OLED_Clear                               0x08004ec9   Thumb Code   118  oled.o(i.OLED_Clear)
    OLED_Display_On                          0x08004f4d   Thumb Code    10  oled.o(i.OLED_Display_On)
    OLED_Init                                0x08004f59   Thumb Code   202  oled.o(i.OLED_Init)
    OLED_Printf                              0x08005029   Thumb Code    52  oled.o(i.OLED_Printf)
    OLED_Scroll_Up                           0x0800505d   Thumb Code   182  oled.o(i.OLED_Scroll_Up)
    OLED_Set_Pos                             0x0800511d   Thumb Code    36  oled.o(i.OLED_Set_Pos)
    OLED_Write_Char                          0x08005141   Thumb Code   176  oled.o(i.OLED_Write_Char)
    PendSV_Handler                           0x0800524d   Thumb Code     2  stm32f4xx_it.o(i.PendSV_Handler)
    SVC_Handler                              0x0800524f   Thumb Code     2  stm32f4xx_it.o(i.SVC_Handler)
    SysTick_Handler                          0x08005251   Thumb Code     8  stm32f4xx_it.o(i.SysTick_Handler)
    SystemClock_Config                       0x08005259   Thumb Code   176  main.o(i.SystemClock_Config)
    SystemInit                               0x08005311   Thumb Code    14  system_stm32f4xx_1.o(i.SystemInit)
    TIM_Base_SetConfig                       0x08005325   Thumb Code   134  stm32f4xx_hal_tim.o(i.TIM_Base_SetConfig)
    TIM_ETR_SetConfig                        0x080053c9   Thumb Code    22  stm32f4xx_hal_tim.o(i.TIM_ETR_SetConfig)
    TIM_OC2_SetConfig                        0x08005451   Thumb Code   100  stm32f4xx_hal_tim.o(i.TIM_OC2_SetConfig)
    UsageFault_Handler                       0x08005877   Thumb Code     4  stm32f4xx_it.o(i.UsageFault_Handler)
    __ARM_fpclassify                         0x0800587b   Thumb Code    48  fpclassify.o(i.__ARM_fpclassify)
    __ARM_fpclassifyf                        0x080058ab   Thumb Code    38  fpclassifyf.o(i.__ARM_fpclassifyf)
    __hardfp_atan2f                          0x08005909   Thumb Code   502  atan2f.o(i.__hardfp_atan2f)
    __hardfp_fmaxf                           0x08005b59   Thumb Code    72  fmaxf.o(i.__hardfp_fmaxf)
    __hardfp_fminf                           0x08005ba1   Thumb Code    72  fminf.o(i.__hardfp_fminf)
    __hardfp_sqrtf                           0x08005be9   Thumb Code    58  sqrtf.o(i.__hardfp_sqrtf)
    __mathlib_flt_infnan2                    0x08005c23   Thumb Code     6  funder.o(i.__mathlib_flt_infnan2)
    __mathlib_flt_underflow                  0x08005c29   Thumb Code    10  funder.o(i.__mathlib_flt_underflow)
    _is_digit                                0x08005c39   Thumb Code    14  __printf_wp.o(i._is_digit)
    attitude_control_init                    0x08005c49   Thumb Code   246  attitude_control.o(i.attitude_control_init)
    calculate_angles_from_accel              0x08005d6d   Thumb Code   114  mpu6050.o(i.calculate_angles_from_accel)
    dart_system_init                         0x08005de5   Thumb Code    38  attitude_control.o(i.dart_system_init)
    delay_ms                                 0x08005e11   Thumb Code    12  main.o(i.delay_ms)
    flight_mode_init                         0x08005e1d   Thumb Code   102  flight_mode.o(i.flight_mode_init)
    fputc                                    0x08005e8d   Thumb Code    92  main.o(i.fputc)
    main                                     0x08005ef9   Thumb Code   258  main.o(i.main)
    pid_compute                              0x080060c5   Thumb Code   166  pid_controller.o(i.pid_compute)
    pid_init                                 0x08006171   Thumb Code    34  pid_controller.o(i.pid_init)
    read_mpu6050_attitude                    0x08006199   Thumb Code   368  kalman_filter.o(i.read_mpu6050_attitude)
    simulate_gyro                            0x08006341   Thumb Code    12  dart_control.o(i.simulate_gyro)
    simulate_target                          0x0800634d   Thumb Code   296  dart_control.o(i.simulate_target)
    update_attitude_control                  0x08006491   Thumb Code   654  attitude_control.o(i.update_attitude_control)
    _get_lc_numeric                          0x08006751   Thumb Code    44  lc_numeric_c.o(locale$$code)
    _get_lc_ctype                            0x0800677d   Thumb Code    44  lc_ctype_c.o(locale$$code)
    __fpl_dretinf                            0x080067a9   Thumb Code    12  dretinf.o(x$fpl$dretinf)
    __aeabi_f2d                              0x080067b5   Thumb Code     0  f2d.o(x$fpl$f2d)
    _f2d                                     0x080067b5   Thumb Code    86  f2d.o(x$fpl$f2d)
    __fcmp4                                  0x0800680d   Thumb Code    24  fcmp4.o(x$fpl$fcmp4)
    __ARM_fcmp4                              0x08006825   Thumb Code     0  fcmp4.o(x$fpl$fcmp4)
    _fcmp4                                   0x08006825   Thumb Code    58  fcmp4.o(x$fpl$fcmp4)
    __fpl_fcmp_Inf                           0x0800685f   Thumb Code    24  fcmpi.o(x$fpl$fcmpinf)
    __fpl_fnaninf                            0x08006877   Thumb Code   140  fnaninf.o(x$fpl$fnaninf)
    _fp_init                                 0x08006903   Thumb Code    10  fpinit.o(x$fpl$fpinit)
    __fplib_config_fpu_vfp                   0x0800690b   Thumb Code     0  fpinit.o(x$fpl$fpinit)
    __fplib_config_pureend_doubles           0x0800690b   Thumb Code     0  fpinit.o(x$fpl$fpinit)
    _printf_fp_dec                           0x0800690d   Thumb Code     4  printf1.o(x$fpl$printf1)
    _printf_fp_hex                           0x08006911   Thumb Code     4  printf2.o(x$fpl$printf2)
    __I$use$fp                               0x08006914   Number         0  usenofp.o(x$fpl$usenofp)
    AHBPrescTable                            0x08006b4e   Data          16  system_stm32f4xx_1.o(.constdata)
    APBPrescTable                            0x08006b5e   Data           8  system_stm32f4xx_1.o(.constdata)
    __stdin_name                             0x08006c64   Data           4  sys_io.o(.constdata)
    __stdout_name                            0x08006c68   Data           4  sys_io.o(.constdata)
    __stderr_name                            0x08006c6c   Data           4  sys_io.o(.constdata)
    Region$$Table$$Base                      0x08006c70   Number         0  anon$$obj.o(Region$$Table)
    Region$$Table$$Limit                     0x08006c90   Number         0  anon$$obj.o(Region$$Table)
    __ctype                                  0x08006cb9   Data           0  lc_ctype_c.o(locale$$data)
    control                                  0x20000000   Data           8  main.o(.data)
    uwTick                                   0x2000004c   Data           4  stm32f4xx_hal.o(.data)
    uwTickPrio                               0x20000050   Data           4  stm32f4xx_hal.o(.data)
    uwTickFreq                               0x20000054   Data           1  stm32f4xx_hal.o(.data)
    SystemCoreClock                          0x20000058   Data           4  system_stm32f4xx_1.o(.data)
    __aeabi_stdin                            0x2000005c   Data           4  stdio_streams.o(.data)
    __aeabi_stdout                           0x20000060   Data           4  stdio_streams.o(.data)
    __aeabi_stderr                           0x20000064   Data           4  stdio_streams.o(.data)
    attitude                                 0x20000068   Data          12  main.o(.bss)
    target                                   0x20000074   Data          12  main.o(.bss)
    hi2c1                                    0x20000100   Data          84  i2c.o(.bss)
    hi2c2                                    0x20000154   Data          84  i2c.o(.bss)
    htim1                                    0x200001a8   Data          72  tim.o(.bss)
    htim2                                    0x200001f0   Data          72  tim.o(.bss)
    huart1                                   0x20000238   Data          68  usart.o(.bss)
    KalmanX                                  0x2000044c   Data          36  kalman_filter.o(.bss)
    KalmanY                                  0x20000470   Data          36  kalman_filter.o(.bss)
    MPU6050                                  0x200004b0   Data          36  mpu6050.o(.bss)
    _random_number_data                      0x20000504   Data         228  rand.o(.bss)
    __stdin                                  0x200005e8   Data          84  stdio_streams.o(.bss)
    __stdout                                 0x2000063c   Data          84  stdio_streams.o(.bss)
    __stderr                                 0x20000690   Data          84  stdio_streams.o(.bss)
    __libspace_start                         0x200006e4   Data          96  libspace.o(.bss)
    __temporary_stack_top$libspace           0x20000744   Data           0  libspace.o(.bss)



==============================================================================

Memory Map of the image

  Image Entry point : 0x08000195

  Load Region LR_IROM1 (Base: 0x08000000, Size: 0x00006e24, Max: 0x00040000, ABSOLUTE)

    Execution Region ER_IROM1 (Base: 0x08000000, Size: 0x00006dbc, Max: 0x00040000, ABSOLUTE)

    Base Addr    Size         Type   Attr      Idx    E Section Name        Object

    0x08000000   0x00000194   Data   RO            3    RESET               startup_stm32f401xc.o
    0x08000194   0x00000008   Code   RO         4251  * !!!main             c_w.l(__main.o)
    0x0800019c   0x00000034   Code   RO         4832    !!!scatter          c_w.l(__scatter.o)
    0x080001d0   0x0000001a   Code   RO         4834    !!handler_copy      c_w.l(__scatter_copy.o)
    0x080001ea   0x00000002   PAD
    0x080001ec   0x0000001c   Code   RO         4836    !!handler_zi        c_w.l(__scatter_zi.o)
    0x08000208   0x00000000   Code   RO         4235    .ARM.Collect$$_printf_percent$$00000000  c_w.l(_printf_percent.o)
    0x08000208   0x00000006   Code   RO         4394    .ARM.Collect$$_printf_percent$$00000001  c_w.l(_printf_n.o)
    0x0800020e   0x00000006   Code   RO         4396    .ARM.Collect$$_printf_percent$$00000002  c_w.l(_printf_p.o)
    0x08000214   0x00000006   Code   RO         4234    .ARM.Collect$$_printf_percent$$00000003  c_w.l(_printf_f.o)
    0x0800021a   0x00000006   Code   RO         4401    .ARM.Collect$$_printf_percent$$00000004  c_w.l(_printf_e.o)
    0x08000220   0x00000006   Code   RO         4402    .ARM.Collect$$_printf_percent$$00000005  c_w.l(_printf_g.o)
    0x08000226   0x00000006   Code   RO         4403    .ARM.Collect$$_printf_percent$$00000006  c_w.l(_printf_a.o)
    0x0800022c   0x0000000a   Code   RO         4408    .ARM.Collect$$_printf_percent$$00000007  c_w.l(_printf_ll.o)
    0x08000236   0x00000006   Code   RO         4398    .ARM.Collect$$_printf_percent$$00000008  c_w.l(_printf_i.o)
    0x0800023c   0x00000006   Code   RO         4399    .ARM.Collect$$_printf_percent$$00000009  c_w.l(_printf_d.o)
    0x08000242   0x00000006   Code   RO         4400    .ARM.Collect$$_printf_percent$$0000000A  c_w.l(_printf_u.o)
    0x08000248   0x00000006   Code   RO         4397    .ARM.Collect$$_printf_percent$$0000000B  c_w.l(_printf_o.o)
    0x0800024e   0x00000006   Code   RO         4395    .ARM.Collect$$_printf_percent$$0000000C  c_w.l(_printf_x.o)
    0x08000254   0x00000006   Code   RO         4405    .ARM.Collect$$_printf_percent$$0000000D  c_w.l(_printf_lli.o)
    0x0800025a   0x00000006   Code   RO         4406    .ARM.Collect$$_printf_percent$$0000000E  c_w.l(_printf_lld.o)
    0x08000260   0x00000006   Code   RO         4407    .ARM.Collect$$_printf_percent$$0000000F  c_w.l(_printf_llu.o)
    0x08000266   0x00000006   Code   RO         4412    .ARM.Collect$$_printf_percent$$00000010  c_w.l(_printf_llo.o)
    0x0800026c   0x00000006   Code   RO         4413    .ARM.Collect$$_printf_percent$$00000011  c_w.l(_printf_llx.o)
    0x08000272   0x0000000a   Code   RO         4409    .ARM.Collect$$_printf_percent$$00000012  c_w.l(_printf_l.o)
    0x0800027c   0x00000006   Code   RO         4392    .ARM.Collect$$_printf_percent$$00000013  c_w.l(_printf_c.o)
    0x08000282   0x00000006   Code   RO         4393    .ARM.Collect$$_printf_percent$$00000014  c_w.l(_printf_s.o)
    0x08000288   0x00000006   Code   RO         4410    .ARM.Collect$$_printf_percent$$00000015  c_w.l(_printf_lc.o)
    0x0800028e   0x00000006   Code   RO         4411    .ARM.Collect$$_printf_percent$$00000016  c_w.l(_printf_ls.o)
    0x08000294   0x00000004   Code   RO         4404    .ARM.Collect$$_printf_percent$$00000017  c_w.l(_printf_percent_end.o)
    0x08000298   0x00000002   Code   RO         4699    .ARM.Collect$$libinit$$00000000  c_w.l(libinit.o)
    0x0800029a   0x00000004   Code   RO         4422    .ARM.Collect$$libinit$$00000001  c_w.l(libinit2.o)
    0x0800029e   0x00000000   Code   RO         4425    .ARM.Collect$$libinit$$00000004  c_w.l(libinit2.o)
    0x0800029e   0x00000008   Code   RO         4426    .ARM.Collect$$libinit$$00000005  c_w.l(libinit2.o)
    0x080002a6   0x00000000   Code   RO         4428    .ARM.Collect$$libinit$$0000000A  c_w.l(libinit2.o)
    0x080002a6   0x00000000   Code   RO         4430    .ARM.Collect$$libinit$$0000000C  c_w.l(libinit2.o)
    0x080002a6   0x00000004   Code   RO         4431    .ARM.Collect$$libinit$$0000000D  c_w.l(libinit2.o)
    0x080002aa   0x00000000   Code   RO         4432    .ARM.Collect$$libinit$$0000000E  c_w.l(libinit2.o)
    0x080002aa   0x00000006   Code   RO         4433    .ARM.Collect$$libinit$$0000000F  c_w.l(libinit2.o)
    0x080002b0   0x00000000   Code   RO         4435    .ARM.Collect$$libinit$$00000011  c_w.l(libinit2.o)
    0x080002b0   0x0000000c   Code   RO         4436    .ARM.Collect$$libinit$$00000012  c_w.l(libinit2.o)
    0x080002bc   0x00000000   Code   RO         4437    .ARM.Collect$$libinit$$00000013  c_w.l(libinit2.o)
    0x080002bc   0x00000000   Code   RO         4439    .ARM.Collect$$libinit$$00000015  c_w.l(libinit2.o)
    0x080002bc   0x0000000a   Code   RO         4440    .ARM.Collect$$libinit$$00000016  c_w.l(libinit2.o)
    0x080002c6   0x00000000   Code   RO         4441    .ARM.Collect$$libinit$$00000017  c_w.l(libinit2.o)
    0x080002c6   0x00000000   Code   RO         4443    .ARM.Collect$$libinit$$00000019  c_w.l(libinit2.o)
    0x080002c6   0x00000000   Code   RO         4445    .ARM.Collect$$libinit$$0000001B  c_w.l(libinit2.o)
    0x080002c6   0x00000000   Code   RO         4447    .ARM.Collect$$libinit$$0000001D  c_w.l(libinit2.o)
    0x080002c6   0x00000000   Code   RO         4449    .ARM.Collect$$libinit$$0000001F  c_w.l(libinit2.o)
    0x080002c6   0x00000000   Code   RO         4451    .ARM.Collect$$libinit$$00000021  c_w.l(libinit2.o)
    0x080002c6   0x00000000   Code   RO         4453    .ARM.Collect$$libinit$$00000023  c_w.l(libinit2.o)
    0x080002c6   0x00000004   Code   RO         4454    .ARM.Collect$$libinit$$00000024  c_w.l(libinit2.o)
    0x080002ca   0x00000000   Code   RO         4455    .ARM.Collect$$libinit$$00000025  c_w.l(libinit2.o)
    0x080002ca   0x00000000   Code   RO         4459    .ARM.Collect$$libinit$$0000002C  c_w.l(libinit2.o)
    0x080002ca   0x00000000   Code   RO         4461    .ARM.Collect$$libinit$$0000002E  c_w.l(libinit2.o)
    0x080002ca   0x00000000   Code   RO         4463    .ARM.Collect$$libinit$$00000030  c_w.l(libinit2.o)
    0x080002ca   0x00000000   Code   RO         4465    .ARM.Collect$$libinit$$00000032  c_w.l(libinit2.o)
    0x080002ca   0x00000002   Code   RO         4466    .ARM.Collect$$libinit$$00000033  c_w.l(libinit2.o)
    0x080002cc   0x00000002   Code   RO         4813    .ARM.Collect$$libshutdown$$00000000  c_w.l(libshutdown.o)
    0x080002ce   0x00000000   Code   RO         4701    .ARM.Collect$$libshutdown$$00000002  c_w.l(libshutdown2.o)
    0x080002ce   0x00000004   Code   RO         4702    .ARM.Collect$$libshutdown$$00000003  c_w.l(libshutdown2.o)
    0x080002d2   0x00000000   Code   RO         4703    .ARM.Collect$$libshutdown$$00000004  c_w.l(libshutdown2.o)
    0x080002d2   0x00000000   Code   RO         4706    .ARM.Collect$$libshutdown$$00000007  c_w.l(libshutdown2.o)
    0x080002d2   0x00000000   Code   RO         4709    .ARM.Collect$$libshutdown$$0000000A  c_w.l(libshutdown2.o)
    0x080002d2   0x00000000   Code   RO         4711    .ARM.Collect$$libshutdown$$0000000C  c_w.l(libshutdown2.o)
    0x080002d2   0x00000000   Code   RO         4714    .ARM.Collect$$libshutdown$$0000000F  c_w.l(libshutdown2.o)
    0x080002d2   0x00000002   Code   RO         4715    .ARM.Collect$$libshutdown$$00000010  c_w.l(libshutdown2.o)
    0x080002d4   0x00000000   Code   RO         4333    .ARM.Collect$$rtentry$$00000000  c_w.l(__rtentry.o)
    0x080002d4   0x00000000   Code   RO         4504    .ARM.Collect$$rtentry$$00000002  c_w.l(__rtentry2.o)
    0x080002d4   0x00000006   Code   RO         4516    .ARM.Collect$$rtentry$$00000004  c_w.l(__rtentry4.o)
    0x080002da   0x00000000   Code   RO         4506    .ARM.Collect$$rtentry$$00000009  c_w.l(__rtentry2.o)
    0x080002da   0x00000004   Code   RO         4507    .ARM.Collect$$rtentry$$0000000A  c_w.l(__rtentry2.o)
    0x080002de   0x00000000   Code   RO         4509    .ARM.Collect$$rtentry$$0000000C  c_w.l(__rtentry2.o)
    0x080002de   0x00000008   Code   RO         4510    .ARM.Collect$$rtentry$$0000000D  c_w.l(__rtentry2.o)
    0x080002e6   0x00000002   Code   RO         4721    .ARM.Collect$$rtexit$$00000000  c_w.l(rtexit.o)
    0x080002e8   0x00000000   Code   RO         4776    .ARM.Collect$$rtexit$$00000002  c_w.l(rtexit2.o)
    0x080002e8   0x00000004   Code   RO         4777    .ARM.Collect$$rtexit$$00000003  c_w.l(rtexit2.o)
    0x080002ec   0x00000006   Code   RO         4778    .ARM.Collect$$rtexit$$00000004  c_w.l(rtexit2.o)
    0x080002f2   0x00000002   PAD
    0x080002f4   0x00000034   Code   RO         4236    .emb_text           c_w.l(rand.o)
    0x08000328   0x00000000   Code   RO         4782    .emb_text           c_w.l(maybetermalloc1.o)
    0x08000328   0x00000040   Code   RO            4    .text               startup_stm32f401xc.o
    0x08000368   0x000000ee   Code   RO         4204    .text               c_w.l(lludivv7m.o)
    0x08000456   0x00000002   PAD
    0x08000458   0x00000034   Code   RO         4206    .text               c_w.l(vsnprintf.o)
    0x0800048c   0x00000018   Code   RO         4208    .text               c_w.l(__2printf.o)
    0x080004a4   0x00000188   Code   RO         4231    .text               c_w.l(__printf_flags_ss_wp.o)
    0x0800062c   0x0000003c   Code   RO         4237    .text               c_w.l(rand.o)
    0x08000668   0x0000008a   Code   RO         4241    .text               c_w.l(rt_memcpy_v6.o)
    0x080006f2   0x00000064   Code   RO         4243    .text               c_w.l(rt_memcpy_w.o)
    0x08000756   0x00000010   Code   RO         4245    .text               c_w.l(aeabi_memset.o)
    0x08000766   0x0000004e   Code   RO         4247    .text               c_w.l(rt_memclr_w.o)
    0x080007b4   0x00000006   Code   RO         4249    .text               c_w.l(heapauxi.o)
    0x080007ba   0x00000016   Code   RO         4338    .text               c_w.l(_rserrno.o)
    0x080007d0   0x0000004e   Code   RO         4340    .text               c_w.l(_printf_pad.o)
    0x0800081e   0x00000024   Code   RO         4342    .text               c_w.l(_printf_truncate.o)
    0x08000842   0x00000052   Code   RO         4344    .text               c_w.l(_printf_str.o)
    0x08000894   0x00000078   Code   RO         4346    .text               c_w.l(_printf_dec.o)
    0x0800090c   0x00000028   Code   RO         4348    .text               c_w.l(_printf_charcount.o)
    0x08000934   0x0000041a   Code   RO         4350    .text               c_w.l(_printf_fp_dec.o)
    0x08000d4e   0x00000002   PAD
    0x08000d50   0x00000030   Code   RO         4352    .text               c_w.l(_printf_char_common.o)
    0x08000d80   0x0000000a   Code   RO         4354    .text               c_w.l(_sputc.o)
    0x08000d8a   0x00000010   Code   RO         4356    .text               c_w.l(_snputc.o)
    0x08000d9a   0x00000002   PAD
    0x08000d9c   0x00000024   Code   RO         4358    .text               c_w.l(_printf_char_file.o)
    0x08000dc0   0x000000bc   Code   RO         4360    .text               c_w.l(_printf_wctomb.o)
    0x08000e7c   0x0000007c   Code   RO         4363    .text               c_w.l(_printf_longlong_dec.o)
    0x08000ef8   0x00000070   Code   RO         4369    .text               c_w.l(_printf_oct_int_ll.o)
    0x08000f68   0x00000094   Code   RO         4389    .text               c_w.l(_printf_hex_int_ll_ptr.o)
    0x08000ffc   0x00000044   Code   RO         4420    .text               c_w.l(rt_memclr.o)
    0x08001040   0x00000008   Code   RO         4523    .text               c_w.l(rt_locale_intlibspace.o)
    0x08001048   0x00000008   Code   RO         4528    .text               c_w.l(rt_errno_addr_intlibspace.o)
    0x08001050   0x0000008a   Code   RO         4530    .text               c_w.l(lludiv10.o)
    0x080010da   0x000000b2   Code   RO         4532    .text               c_w.l(_printf_intcommon.o)
    0x0800118c   0x000002fc   Code   RO         4534    .text               c_w.l(_printf_fp_hex.o)
    0x08001488   0x00000080   Code   RO         4537    .text               c_w.l(_printf_fp_infnan.o)
    0x08001508   0x0000002c   Code   RO         4541    .text               c_w.l(_printf_char.o)
    0x08001534   0x0000002c   Code   RO         4543    .text               c_w.l(_printf_wchar.o)
    0x08001560   0x000000dc   Code   RO         4545    .text               c_w.l(bigflt0.o)
    0x0800163c   0x00000008   Code   RO         4570    .text               c_w.l(ferror.o)
    0x08001644   0x00000138   Code   RO         4572    .text               c_w.l(initio.o)
    0x0800177c   0x00000040   Code   RO         4578    .text               c_w.l(_wcrtomb.o)
    0x080017bc   0x00000066   Code   RO         4597    .text               c_w.l(sys_io.o)
    0x08001822   0x00000002   PAD
    0x08001824   0x00000008   Code   RO         4602    .text               c_w.l(libspace.o)
    0x0800182c   0x0000004a   Code   RO         4607    .text               c_w.l(sys_stackheap_outer.o)
    0x08001876   0x00000002   PAD
    0x08001878   0x00000010   Code   RO         4609    .text               c_w.l(rt_ctype_table.o)
    0x08001888   0x0000004e   Code   RO         4613    .text               c_w.l(h1_free.o)
    0x080018d6   0x00000046   Code   RO         4667    .text               c_w.l(setvbuf.o)
    0x0800191c   0x000000ec   Code   RO         4670    .text               c_w.l(fopen.o)
    0x08001a08   0x0000004c   Code   RO         4672    .text               c_w.l(fclose.o)
    0x08001a54   0x00000012   Code   RO         4678    .text               c_w.l(exit.o)
    0x08001a66   0x0000000e   Code   RO         4684    .text               c_w.l(defsig_rtred_outer.o)
    0x08001a74   0x00000080   Code   RO         4688    .text               c_w.l(strcmpv7m.o)
    0x08001af4   0x00000002   Code   RO         4718    .text               c_w.l(use_no_semi.o)
    0x08001af6   0x00000000   Code   RO         4720    .text               c_w.l(indicate_semi.o)
    0x08001af6   0x00000002   PAD
    0x08001af8   0x00000008   Code   RO         4728    .text               c_w.l(rt_heap_descriptor_intlibspace.o)
    0x08001b00   0x00000004   Code   RO         4730    .text               c_w.l(hguard.o)
    0x08001b04   0x0000008a   Code   RO         4734    .text               c_w.l(init_alloc.o)
    0x08001b8e   0x0000005e   Code   RO         4740    .text               c_w.l(h1_alloc.o)
    0x08001bec   0x000000f8   Code   RO         4754    .text               c_w.l(fseek.o)
    0x08001ce4   0x000000f0   Code   RO         4756    .text               c_w.l(stdio.o)
    0x08001dd4   0x0000000a   Code   RO         4761    .text               c_w.l(defsig_exit.o)
    0x08001dde   0x00000002   PAD
    0x08001de0   0x00000034   Code   RO         4765    .text               c_w.l(defsig_rtred_inner.o)
    0x08001e14   0x0000000e   Code   RO         4767    .text               c_w.l(defsig_rtmem_outer.o)
    0x08001e22   0x0000003e   Code   RO         4771    .text               c_w.l(strlen.o)
    0x08001e60   0x0000000c   Code   RO         4773    .text               c_w.l(sys_exit.o)
    0x08001e6c   0x0000000e   Code   RO         4784    .text               c_w.l(h1_init.o)
    0x08001e7a   0x00000034   Code   RO         4786    .text               c_w.l(h1_extend.o)
    0x08001eae   0x00000042   Code   RO         4792    .text               c_w.l(ftell.o)
    0x08001ef0   0x00000032   Code   RO         4796    .text               c_w.l(defsig_general.o)
    0x08001f22   0x00000002   PAD
    0x08001f24   0x00000050   Code   RO         4798    .text               c_w.l(defsig_rtmem_inner.o)
    0x08001f74   0x0000000e   Code   RO         4805    .text               c_w.l(sys_wrch.o)
    0x08001f82   0x0000003e   Code   RO         4548    CL$$btod_d2e        c_w.l(btod.o)
    0x08001fc0   0x00000046   Code   RO         4550    CL$$btod_d2e_denorm_low  c_w.l(btod.o)
    0x08002006   0x00000060   Code   RO         4549    CL$$btod_d2e_norm_op1  c_w.l(btod.o)
    0x08002066   0x00000338   Code   RO         4558    CL$$btod_div_common  c_w.l(btod.o)
    0x0800239e   0x000000c6   Code   RO         4555    CL$$btod_e2e        c_w.l(btod.o)
    0x08002464   0x00000028   Code   RO         4552    CL$$btod_ediv       c_w.l(btod.o)
    0x0800248c   0x00000028   Code   RO         4551    CL$$btod_emul       c_w.l(btod.o)
    0x080024b4   0x00000244   Code   RO         4557    CL$$btod_mult_common  c_w.l(btod.o)
    0x080026f8   0x00000004   Code   RO          373    i.BusFault_Handler  stm32f4xx_it.o
    0x080026fc   0x00000002   Code   RO          374    i.DebugMon_Handler  stm32f4xx_it.o
    0x080026fe   0x00000006   Code   RO           13    i.Error_Handler     main.o
    0x08002704   0x00000028   Code   RO         2566    i.HAL_Delay         stm32f4xx_hal.o
    0x0800272c   0x000001c8   Code   RO         2011    i.HAL_GPIO_Init     stm32f4xx_hal_gpio.o
    0x080028f4   0x00000014   Code   RO         2014    i.HAL_GPIO_TogglePin  stm32f4xx_hal_gpio.o
    0x08002908   0x0000000c   Code   RO         2572    i.HAL_GetTick       stm32f4xx_hal.o
    0x08002914   0x000001d0   Code   RO         1086    i.HAL_I2C_Init      stm32f4xx_hal_i2c.o
    0x08002ae4   0x00000170   Code   RO         1099    i.HAL_I2C_Master_Transmit  stm32f4xx_hal_i2c.o
    0x08002c54   0x000002f4   Code   RO         1104    i.HAL_I2C_Mem_Read  stm32f4xx_hal_i2c.o
    0x08002f48   0x00000164   Code   RO         1107    i.HAL_I2C_Mem_Write  stm32f4xx_hal_i2c.o
    0x080030ac   0x00000110   Code   RO          230    i.HAL_I2C_MspInit   i2c.o
    0x080031bc   0x00000018   Code   RO         2578    i.HAL_IncTick       stm32f4xx_hal.o
    0x080031d4   0x0000003c   Code   RO         2579    i.HAL_Init          stm32f4xx_hal.o
    0x08003210   0x0000004c   Code   RO         2580    i.HAL_InitTick      stm32f4xx_hal.o
    0x0800325c   0x00000048   Code   RO          448    i.HAL_MspInit       stm32f4xx_hal_msp.o
    0x080032a4   0x0000007c   Code   RO         2430    i.HAL_NVIC_SetPriority  stm32f4xx_hal_cortex.o
    0x08003320   0x00000028   Code   RO         2431    i.HAL_NVIC_SetPriorityGrouping  stm32f4xx_hal_cortex.o
    0x08003348   0x00000184   Code   RO         1578    i.HAL_RCC_ClockConfig  stm32f4xx_hal_rcc.o
    0x080034cc   0x0000000c   Code   RO         1583    i.HAL_RCC_GetHCLKFreq  stm32f4xx_hal_rcc.o
    0x080034d8   0x00000020   Code   RO         1585    i.HAL_RCC_GetPCLK1Freq  stm32f4xx_hal_rcc.o
    0x080034f8   0x00000020   Code   RO         1586    i.HAL_RCC_GetPCLK2Freq  stm32f4xx_hal_rcc.o
    0x08003518   0x000000b0   Code   RO         1587    i.HAL_RCC_GetSysClockFreq  stm32f4xx_hal_rcc.o
    0x080035c8   0x0000049c   Code   RO         1590    i.HAL_RCC_OscConfig  stm32f4xx_hal_rcc.o
    0x08003a64   0x00000034   Code   RO         2435    i.HAL_SYSTICK_Config  stm32f4xx_hal_cortex.o
    0x08003a98   0x00000074   Code   RO         3537    i.HAL_TIMEx_ConfigBreakDeadTime  stm32f4xx_hal_tim_ex.o
    0x08003b0c   0x0000009c   Code   RO         3553    i.HAL_TIMEx_MasterConfigSynchronization  stm32f4xx_hal_tim_ex.o
    0x08003ba8   0x00000066   Code   RO         2819    i.HAL_TIM_Base_Init  stm32f4xx_hal_tim.o
    0x08003c0e   0x00000002   PAD
    0x08003c10   0x00000060   Code   RO          278    i.HAL_TIM_Base_MspInit  tim.o
    0x08003c70   0x0000010c   Code   RO         2828    i.HAL_TIM_ConfigClockSource  stm32f4xx_hal_tim.o
    0x08003d7c   0x000000a8   Code   RO          279    i.HAL_TIM_MspPostInit  tim.o
    0x08003e24   0x00000104   Code   RO         2891    i.HAL_TIM_PWM_ConfigChannel  stm32f4xx_hal_tim.o
    0x08003f28   0x00000066   Code   RO         2894    i.HAL_TIM_PWM_Init  stm32f4xx_hal_tim.o
    0x08003f8e   0x00000002   Code   RO         2896    i.HAL_TIM_PWM_MspInit  stm32f4xx_hal_tim.o
    0x08003f90   0x00000072   Code   RO         3830    i.HAL_UART_Init     stm32f4xx_hal_uart.o
    0x08004002   0x00000002   PAD
    0x08004004   0x000000c4   Code   RO          332    i.HAL_UART_MspInit  usart.o
    0x080040c8   0x000000d2   Code   RO         3838    i.HAL_UART_Transmit  stm32f4xx_hal_uart.o
    0x0800419a   0x00000004   Code   RO          375    i.HardFault_Handler  stm32f4xx_it.o
    0x0800419e   0x0000003e   Code   RO         1129    i.I2C_IsAcknowledgeFailed  stm32f4xx_hal_i2c.o
    0x080041dc   0x000000c0   Code   RO         1133    i.I2C_MasterRequestWrite  stm32f4xx_hal_i2c.o
    0x0800429c   0x00000160   Code   RO         1140    i.I2C_RequestMemoryRead  stm32f4xx_hal_i2c.o
    0x080043fc   0x000000e0   Code   RO         1141    i.I2C_RequestMemoryWrite  stm32f4xx_hal_i2c.o
    0x080044dc   0x0000005c   Code   RO         1149    i.I2C_WaitOnBTFFlagUntilTimeout  stm32f4xx_hal_i2c.o
    0x08004538   0x00000086   Code   RO         1150    i.I2C_WaitOnFlagUntilTimeout  stm32f4xx_hal_i2c.o
    0x080045be   0x000000c4   Code   RO         1151    i.I2C_WaitOnMasterAddressFlagUntilTimeout  stm32f4xx_hal_i2c.o
    0x08004682   0x00000080   Code   RO         1152    i.I2C_WaitOnRXNEFlagUntilTimeout  stm32f4xx_hal_i2c.o
    0x08004702   0x0000005c   Code   RO         1155    i.I2C_WaitOnTXEFlagUntilTimeout  stm32f4xx_hal_i2c.o
    0x0800475e   0x00000002   PAD
    0x08004760   0x0000005c   Code   RO          863    i.Kalman_Init       kalman_filter.o
    0x080047bc   0x0000011c   Code   RO          864    i.Kalman_Update     kalman_filter.o
    0x080048d8   0x00000008   Code   RO          903    i.MPU6050_GetData   mpu6050.o
    0x080048e0   0x000001dc   Code   RO          904    i.MPU6050_Init      mpu6050.o
    0x08004abc   0x00000158   Code   RO          905    i.MPU6050_ReadSensor  mpu6050.o
    0x08004c14   0x00000064   Code   RO          205    i.MX_GPIO_Init      gpio.o
    0x08004c78   0x0000003c   Code   RO          231    i.MX_I2C1_Init      i2c.o
    0x08004cb4   0x0000003c   Code   RO          232    i.MX_I2C2_Init      i2c.o
    0x08004cf0   0x000000e8   Code   RO          280    i.MX_TIM1_Init      tim.o
    0x08004dd8   0x000000b0   Code   RO          281    i.MX_TIM2_Init      tim.o
    0x08004e88   0x00000038   Code   RO          333    i.MX_USART1_UART_Init  usart.o
    0x08004ec0   0x00000004   Code   RO          376    i.MemManage_Handler  stm32f4xx_it.o
    0x08004ec4   0x00000004   Code   RO          377    i.NMI_Handler       stm32f4xx_it.o
    0x08004ec8   0x00000084   Code   RO          764    i.OLED_Clear        oled.o
    0x08004f4c   0x0000000a   Code   RO          766    i.OLED_Display_On   oled.o
    0x08004f56   0x00000002   PAD
    0x08004f58   0x000000d0   Code   RO          767    i.OLED_Init         oled.o
    0x08005028   0x00000034   Code   RO          768    i.OLED_Printf       oled.o
    0x0800505c   0x000000c0   Code   RO          769    i.OLED_Scroll_Up    oled.o
    0x0800511c   0x00000024   Code   RO          771    i.OLED_Set_Pos      oled.o
    0x08005140   0x000000c0   Code   RO          772    i.OLED_Write_Char   oled.o
    0x08005200   0x00000024   Code   RO          773    i.OLED_Write_Command  oled.o
    0x08005224   0x00000028   Code   RO          774    i.OLED_Write_Data   oled.o
    0x0800524c   0x00000002   Code   RO          378    i.PendSV_Handler    stm32f4xx_it.o
    0x0800524e   0x00000002   Code   RO          379    i.SVC_Handler       stm32f4xx_it.o
    0x08005250   0x00000008   Code   RO          380    i.SysTick_Handler   stm32f4xx_it.o
    0x08005258   0x000000b8   Code   RO           14    i.SystemClock_Config  main.o
    0x08005310   0x00000014   Code   RO         4169    i.SystemInit        system_stm32f4xx_1.o
    0x08005324   0x000000a4   Code   RO         2912    i.TIM_Base_SetConfig  stm32f4xx_hal_tim.o
    0x080053c8   0x00000016   Code   RO         2923    i.TIM_ETR_SetConfig  stm32f4xx_hal_tim.o
    0x080053de   0x00000012   Code   RO         2924    i.TIM_ITRx_SetConfig  stm32f4xx_hal_tim.o
    0x080053f0   0x00000060   Code   RO         2925    i.TIM_OC1_SetConfig  stm32f4xx_hal_tim.o
    0x08005450   0x00000068   Code   RO         2926    i.TIM_OC2_SetConfig  stm32f4xx_hal_tim.o
    0x080054b8   0x00000068   Code   RO         2927    i.TIM_OC3_SetConfig  stm32f4xx_hal_tim.o
    0x08005520   0x00000048   Code   RO         2928    i.TIM_OC4_SetConfig  stm32f4xx_hal_tim.o
    0x08005568   0x00000026   Code   RO         2930    i.TIM_TI1_ConfigInputStage  stm32f4xx_hal_tim.o
    0x0800558e   0x00000028   Code   RO         2932    i.TIM_TI2_ConfigInputStage  stm32f4xx_hal_tim.o
    0x080055b6   0x00000002   PAD
    0x080055b8   0x0000022c   Code   RO         3857    i.UART_SetConfig    stm32f4xx_hal_uart.o
    0x080057e4   0x00000092   Code   RO         3861    i.UART_WaitOnFlagUntilTimeout  stm32f4xx_hal_uart.o
    0x08005876   0x00000004   Code   RO          381    i.UsageFault_Handler  stm32f4xx_it.o
    0x0800587a   0x00000030   Code   RO         4595    i.__ARM_fpclassify  m_wm.l(fpclassify.o)
    0x080058aa   0x00000026   Code   RO         4484    i.__ARM_fpclassifyf  m_wm.l(fpclassifyf.o)
    0x080058d0   0x00000010   Code   RO         2437    i.__NVIC_GetPriorityGrouping  stm32f4xx_hal_cortex.o
    0x080058e0   0x00000028   Code   RO         2438    i.__NVIC_SetPriority  stm32f4xx_hal_cortex.o
    0x08005908   0x00000250   Code   RO         4271    i.__hardfp_atan2f   m_wm.l(atan2f.o)
    0x08005b58   0x00000048   Code   RO         4325    i.__hardfp_fmaxf    m_wm.l(fmaxf.o)
    0x08005ba0   0x00000048   Code   RO         4329    i.__hardfp_fminf    m_wm.l(fminf.o)
    0x08005be8   0x0000003a   Code   RO         4313    i.__hardfp_sqrtf    m_wm.l(sqrtf.o)
    0x08005c22   0x00000006   Code   RO         4488    i.__mathlib_flt_infnan2  m_wm.l(funder.o)
    0x08005c28   0x00000010   Code   RO         4492    i.__mathlib_flt_underflow  m_wm.l(funder.o)
    0x08005c38   0x0000000e   Code   RO         4224    i._is_digit         c_w.l(__printf_wp.o)
    0x08005c46   0x00000002   PAD
    0x08005c48   0x00000124   Code   RO          472    i.attitude_control_init  attitude_control.o
    0x08005d6c   0x00000078   Code   RO          907    i.calculate_angles_from_accel  mpu6050.o
    0x08005de4   0x0000002c   Code   RO          474    i.dart_system_init  attitude_control.o
    0x08005e10   0x0000000c   Code   RO           15    i.delay_ms          main.o
    0x08005e1c   0x00000070   Code   RO          964    i.flight_mode_init  flight_mode.o
    0x08005e8c   0x0000006c   Code   RO           16    i.fputc             main.o
    0x08005ef8   0x000001cc   Code   RO           17    i.main              main.o
    0x080060c4   0x000000ac   Code   RO          661    i.pid_compute       pid_controller.o
    0x08006170   0x00000028   Code   RO          663    i.pid_init          pid_controller.o
    0x08006198   0x000001a8   Code   RO          865    i.read_mpu6050_attitude  kalman_filter.o
    0x08006340   0x0000000c   Code   RO          603    i.simulate_gyro     dart_control.o
    0x0800634c   0x00000144   Code   RO          604    i.simulate_target   dart_control.o
    0x08006490   0x000002c0   Code   RO          484    i.update_attitude_control  attitude_control.o
    0x08006750   0x0000002c   Code   RO         4581    locale$$code        c_w.l(lc_numeric_c.o)
    0x0800677c   0x0000002c   Code   RO         4759    locale$$code        c_w.l(lc_ctype_c.o)
    0x080067a8   0x0000000c   Code   RO         4469    x$fpl$dretinf       fz_wm.l(dretinf.o)
    0x080067b4   0x00000056   Code   RO         4255    x$fpl$f2d           fz_wm.l(f2d.o)
    0x0800680a   0x00000002   PAD
    0x0800680c   0x00000052   Code   RO         4471    x$fpl$fcmp4         fz_wm.l(fcmp4.o)
    0x0800685e   0x00000018   Code   RO         4589    x$fpl$fcmpinf       fz_wm.l(fcmpi.o)
    0x08006876   0x0000008c   Code   RO         4475    x$fpl$fnaninf       fz_wm.l(fnaninf.o)
    0x08006902   0x0000000a   Code   RO         4591    x$fpl$fpinit        fz_wm.l(fpinit.o)
    0x0800690c   0x00000004   Code   RO         4257    x$fpl$printf1       fz_wm.l(printf1.o)
    0x08006910   0x00000004   Code   RO         4477    x$fpl$printf2       fz_wm.l(printf2.o)
    0x08006914   0x00000000   Code   RO         4483    x$fpl$usenofp       fz_wm.l(usenofp.o)
    0x08006914   0x0000023a   Data   RO          777    .constdata          oled.o
    0x08006b4e   0x00000018   Data   RO         4170    .constdata          system_stm32f4xx_1.o
    0x08006b66   0x00000011   Data   RO         4232    .constdata          c_w.l(__printf_flags_ss_wp.o)
    0x08006b77   0x00000001   PAD
    0x08006b78   0x00000008   Data   RO         4361    .constdata          c_w.l(_printf_wctomb.o)
    0x08006b80   0x00000028   Data   RO         4390    .constdata          c_w.l(_printf_hex_int_ll_ptr.o)
    0x08006ba8   0x00000026   Data   RO         4535    .constdata          c_w.l(_printf_fp_hex.o)
    0x08006bce   0x00000002   PAD
    0x08006bd0   0x00000094   Data   RO         4546    .constdata          c_w.l(bigflt0.o)
    0x08006c64   0x00000004   Data   RO         4598    .constdata          c_w.l(sys_io.o)
    0x08006c68   0x00000004   Data   RO         4599    .constdata          c_w.l(sys_io.o)
    0x08006c6c   0x00000004   Data   RO         4600    .constdata          c_w.l(sys_io.o)
    0x08006c70   0x00000020   Data   RO         4830    Region$$Table       anon$$obj.o
    0x08006c90   0x0000001c   Data   RO         4580    locale$$data        c_w.l(lc_numeric_c.o)
    0x08006cac   0x00000110   Data   RO         4758    locale$$data        c_w.l(lc_ctype_c.o)


    Execution Region RW_IRAM1 (Base: 0x20000000, Size: 0x00000d48, Max: 0x00010000, ABSOLUTE)

    Base Addr    Size         Type   Attr      Idx    E Section Name        Object

    0x20000000   0x00000009   Data   RW           19    .data               main.o
    0x20000009   0x00000003   PAD
    0x2000000c   0x00000020   Data   RW          606    .data               dart_control.o
    0x2000002c   0x00000002   Data   RW          778    .data               oled.o
    0x2000002e   0x00000002   PAD
    0x20000030   0x00000011   Data   RW          867    .data               kalman_filter.o
    0x20000041   0x00000003   PAD
    0x20000044   0x00000008   Data   RW          909    .data               mpu6050.o
    0x2000004c   0x00000009   Data   RW         2586    .data               stm32f4xx_hal.o
    0x20000055   0x00000003   PAD
    0x20000058   0x00000004   Data   RW         4171    .data               system_stm32f4xx_1.o
    0x2000005c   0x00000004   Data   RW         4417    .data               c_w.l(stdio_streams.o)
    0x20000060   0x00000004   Data   RW         4418    .data               c_w.l(stdio_streams.o)
    0x20000064   0x00000004   Data   RW         4419    .data               c_w.l(stdio_streams.o)
    0x20000068   0x00000098   Zero   RW           18    .bss                main.o
    0x20000100   0x000000a8   Zero   RW          233    .bss                i2c.o
    0x200001a8   0x00000090   Zero   RW          282    .bss                tim.o
    0x20000238   0x00000044   Zero   RW          334    .bss                usart.o
    0x2000027c   0x000000d8   Zero   RW          485    .bss                attitude_control.o
    0x20000354   0x000000b0   Zero   RW          776    .bss                oled.o
    0x20000404   0x00000090   Zero   RW          866    .bss                kalman_filter.o
    0x20000494   0x00000040   Zero   RW          908    .bss                mpu6050.o
    0x200004d4   0x00000030   Zero   RW          973    .bss                flight_mode.o
    0x20000504   0x000000e4   Zero   RW         4238    .bss                c_w.l(rand.o)
    0x200005e8   0x00000054   Zero   RW         4414    .bss                c_w.l(stdio_streams.o)
    0x2000063c   0x00000054   Zero   RW         4415    .bss                c_w.l(stdio_streams.o)
    0x20000690   0x00000054   Zero   RW         4416    .bss                c_w.l(stdio_streams.o)
    0x200006e4   0x00000060   Zero   RW         4603    .bss                c_w.l(libspace.o)
    0x20000744   0x00000004   PAD
    0x20000748   0x00000200   Zero   RW            2    HEAP                startup_stm32f401xc.o
    0x20000948   0x00000400   Zero   RW            1    STACK               startup_stm32f401xc.o


==============================================================================

Image component sizes


      Code (inc. data)   RO Data    RW Data    ZI Data      Debug   Object Name

      1040        102          0          0        216       9061   attitude_control.o
       336         28          0         32          0       3830   dart_control.o
       112         10          0          0         48       1315   flight_mode.o
       100          4          0          0          0        867   gpio.o
       392         40          0          0        168       2386   i2c.o
       800         74          0         17        144       3172   kalman_filter.o
       770        226          0          9        152     431741   main.o
       948         80          0          8         64       4288   mpu6050.o
       898         60        570          2        176       7011   oled.o
       212         12          0          0          0       2561   pid_controller.o
        64         26        404          0       1536        856   startup_stm32f401xc.o
       212         36          0          9          0       9341   stm32f4xx_hal.o
       272         22          0          0          0      33838   stm32f4xx_hal_cortex.o
       476         32          0          0          0       2109   stm32f4xx_hal_gpio.o
      3416         60          0          0          0      13896   stm32f4xx_hal_i2c.o
        72          4          0          0          0        878   stm32f4xx_hal_msp.o
      1820         84          0          0          0       5692   stm32f4xx_hal_rcc.o
      1392         50          0          0          0      10970   stm32f4xx_hal_tim.o
       272         22          0          0          0       2180   stm32f4xx_hal_tim_ex.o
      1026         10          0          0          0       3988   stm32f4xx_hal_uart.o
        34          0          0          0          0       4310   stm32f4xx_it.o
        20          6         24          4          0       1163   system_stm32f4xx_1.o
       672         38          0          0        144       3389   tim.o
       252         26          0          0         68       1802   usart.o

    ----------------------------------------------------------------------
     15618       1052       1030         92       2716     560644   Object Totals
         0          0         32          0          0          0   (incl. Generated)
        10          0          0         11          0          0   (incl. Padding)

    ----------------------------------------------------------------------

      Code (inc. data)   RO Data    RW Data    ZI Data      Debug   Library Member Name

        24          4          0          0          0         84   __2printf.o
         8          0          0          0          0         68   __main.o
       392          4         17          0          0         92   __printf_flags_ss_wp.o
        14          0          0          0          0         68   __printf_wp.o
         0          0          0          0          0          0   __rtentry.o
        12          0          0          0          0          0   __rtentry2.o
         6          0          0          0          0          0   __rtentry4.o
        52          8          0          0          0          0   __scatter.o
        26          0          0          0          0          0   __scatter_copy.o
        28          0          0          0          0          0   __scatter_zi.o
         6          0          0          0          0          0   _printf_a.o
         6          0          0          0          0          0   _printf_c.o
        44          0          0          0          0        108   _printf_char.o
        48          6          0          0          0         96   _printf_char_common.o
        36          4          0          0          0         80   _printf_char_file.o
        40          0          0          0          0         68   _printf_charcount.o
         6          0          0          0          0          0   _printf_d.o
       120         16          0          0          0         92   _printf_dec.o
         6          0          0          0          0          0   _printf_e.o
         6          0          0          0          0          0   _printf_f.o
      1050          0          0          0          0        216   _printf_fp_dec.o
       764          8         38          0          0        100   _printf_fp_hex.o
       128         16          0          0          0         84   _printf_fp_infnan.o
         6          0          0          0          0          0   _printf_g.o
       148          4         40          0          0        160   _printf_hex_int_ll_ptr.o
         6          0          0          0          0          0   _printf_i.o
       178          0          0          0          0         88   _printf_intcommon.o
        10          0          0          0          0          0   _printf_l.o
         6          0          0          0          0          0   _printf_lc.o
        10          0          0          0          0          0   _printf_ll.o
         6          0          0          0          0          0   _printf_lld.o
         6          0          0          0          0          0   _printf_lli.o
         6          0          0          0          0          0   _printf_llo.o
         6          0          0          0          0          0   _printf_llu.o
         6          0          0          0          0          0   _printf_llx.o
       124         16          0          0          0         92   _printf_longlong_dec.o
         6          0          0          0          0          0   _printf_ls.o
         6          0          0          0          0          0   _printf_n.o
         6          0          0          0          0          0   _printf_o.o
       112         10          0          0          0        124   _printf_oct_int_ll.o
         6          0          0          0          0          0   _printf_p.o
        78          0          0          0          0        108   _printf_pad.o
         0          0          0          0          0          0   _printf_percent.o
         4          0          0          0          0          0   _printf_percent_end.o
         6          0          0          0          0          0   _printf_s.o
        82          0          0          0          0         80   _printf_str.o
        36          0          0          0          0         84   _printf_truncate.o
         6          0          0          0          0          0   _printf_u.o
        44          0          0          0          0        108   _printf_wchar.o
       188          6          8          0          0         92   _printf_wctomb.o
         6          0          0          0          0          0   _printf_x.o
        22          0          0          0          0        100   _rserrno.o
        16          0          0          0          0         68   _snputc.o
        10          0          0          0          0         68   _sputc.o
        64          0          0          0          0         92   _wcrtomb.o
        16          0          0          0          0         68   aeabi_memset.o
       220          4        148          0          0         96   bigflt0.o
      1910        128          0          0          0        672   btod.o
        10          0          0          0          0         68   defsig_exit.o
        50          0          0          0          0         88   defsig_general.o
        80         58          0          0          0         76   defsig_rtmem_inner.o
        14          0          0          0          0         80   defsig_rtmem_outer.o
        52         38          0          0          0         76   defsig_rtred_inner.o
        14          0          0          0          0         80   defsig_rtred_outer.o
        18          0          0          0          0         80   exit.o
        76          0          0          0          0         88   fclose.o
         8          0          0          0          0         68   ferror.o
       236          4          0          0          0        128   fopen.o
       248          6          0          0          0         84   fseek.o
        66          0          0          0          0         76   ftell.o
        94          0          0          0          0         80   h1_alloc.o
        52          0          0          0          0         68   h1_extend.o
        78          0          0          0          0         80   h1_free.o
        14          0          0          0          0         84   h1_init.o
         6          0          0          0          0        152   heapauxi.o
         4          0          0          0          0        136   hguard.o
         0          0          0          0          0          0   indicate_semi.o
       138          0          0          0          0        168   init_alloc.o
       312         46          0          0          0        112   initio.o
        44         10        272          0          0         76   lc_ctype_c.o
        44         10         28          0          0         76   lc_numeric_c.o
         2          0          0          0          0          0   libinit.o
        50          0          0          0          0          0   libinit2.o
         2          0          0          0          0          0   libshutdown.o
         6          0          0          0          0          0   libshutdown2.o
         8          4          0          0         96         68   libspace.o
       138          0          0          0          0         80   lludiv10.o
       238          0          0          0          0        100   lludivv7m.o
         0          0          0          0          0          0   maybetermalloc1.o
       112         18          0          0        228        160   rand.o
        16          4          0          0          0         76   rt_ctype_table.o
         8          4          0          0          0         68   rt_errno_addr_intlibspace.o
         8          4          0          0          0         68   rt_heap_descriptor_intlibspace.o
         8          4          0          0          0         68   rt_locale_intlibspace.o
        68          0          0          0          0         68   rt_memclr.o
        78          0          0          0          0         80   rt_memclr_w.o
       138          0          0          0          0         68   rt_memcpy_v6.o
       100          0          0          0          0         80   rt_memcpy_w.o
         2          0          0          0          0          0   rtexit.o
        10          0          0          0          0          0   rtexit2.o
        70          0          0          0          0         80   setvbuf.o
       240          6          0          0          0        156   stdio.o
         0          0          0         12        252          0   stdio_streams.o
       128          0          0          0          0         68   strcmpv7m.o
        62          0          0          0          0         76   strlen.o
        12          4          0          0          0         68   sys_exit.o
       102          0         12          0          0        240   sys_io.o
        74          0          0          0          0         80   sys_stackheap_outer.o
        14          0          0          0          0         76   sys_wrch.o
         2          0          0          0          0         68   use_no_semi.o
        52          4          0          0          0         80   vsnprintf.o
        12          0          0          0          0        116   dretinf.o
        86          4          0          0          0        132   f2d.o
        82          4          0          0          0        160   fcmp4.o
        24          0          0          0          0        116   fcmpi.o
       140          4          0          0          0        132   fnaninf.o
        10          0          0          0          0        116   fpinit.o
         4          0          0          0          0        116   printf1.o
         4          0          0          0          0        116   printf2.o
         0          0          0          0          0          0   usenofp.o
       592         90          0          0          0        184   atan2f.o
        72          0          0          0          0        148   fmaxf.o
        72          0          0          0          0        148   fminf.o
        48          0          0          0          0        124   fpclassify.o
        38          0          0          0          0        116   fpclassifyf.o
        22          6          0          0          0        232   funder.o
        58          0          0          0          0        136   sqrtf.o

    ----------------------------------------------------------------------
     10878        566        566         12        580       9348   Library Totals
        24          0          3          0          4          0   (incl. Padding)

    ----------------------------------------------------------------------

      Code (inc. data)   RO Data    RW Data    ZI Data      Debug   Library Name

      9590        458        563         12        576       7256   c_w.l
       362         12          0          0          0       1004   fz_wm.l
       902         96          0          0          0       1088   m_wm.l

    ----------------------------------------------------------------------
     10878        566        566         12        580       9348   Library Totals

    ----------------------------------------------------------------------

==============================================================================


      Code (inc. data)   RO Data    RW Data    ZI Data      Debug   

     26496       1618       1596        104       3296     555436   Grand Totals
     26496       1618       1596        104       3296     555436   ELF Image Totals
     26496       1618       1596        104          0          0   ROM Totals

==============================================================================

    Total RO  Size (Code + RO Data)                28092 (  27.43kB)
    Total RW  Size (RW Data + ZI Data)              3400 (   3.32kB)
    Total ROM Size (Code + RO Data + RW Data)      28196 (  27.54kB)

==============================================================================

